 AdvCmp

 Timestamp is 51f7c356 (Tue Jul 30 20:44:54 2013)

 Preferred load address is 10000000

 Start         Length     Name                   Class
 0001:00000000 00000170H .idata$5                CODE
 0001:00000170 00000004H .CRT$XCA                CODE
 0001:00000174 00000004H .CRT$XCZ                CODE
 0001:00000178 00000004H .CRT$XIA                CODE
 0001:0000017c 00000004H .CRT$XIAA               CODE
 0001:00000180 00000004H .CRT$XIC                CODE
 0001:00000184 00000004H .CRT$XIZ                CODE
 0001:00000188 00000e88H .rdata                  CODE
 0001:00001010 00000004H .rdata$sxdata           CODE
 0001:00001014 00000004H .rtc$IAA                CODE
 0001:00001018 00000004H .rtc$IZZ                CODE
 0001:0000101c 00000004H .rtc$TAA                CODE
 0001:00001020 00000004H .rtc$TZZ                CODE
 0001:00001030 00014954H .text                   CODE
 0001:00015988 00000064H .xdata$x                CODE
 0001:000159ec 00000064H .idata$2                CODE
 0001:00015a50 00000014H .idata$3                CODE
 0001:00015a64 00000170H .idata$4                CODE
 0001:00015bd4 00000636H .idata$6                CODE
 0001:00016210 000000a2H .edata                  CODE
 0002:00000000 000002b8H .data                   DATA
 0002:000002b8 000213d4H .bss                    DATA
 0003:00000000 00000058H .rsrc$01                DATA
 0003:00000060 00000348H .rsrc$02                DATA

  Address         Publics by Value              Rva+Base       Lib:Object

 0000:00000000       __except_list              00000000     <absolute>
 0000:00000001       ___safe_se_handler_count   00000001     <absolute>
 0000:00009876       __ldused                   00009876     <absolute>
 0000:00009876       __fltused                  00009876     <absolute>
 0000:00000000       ___ImageBase               10000000     <linker-defined>
 0001:00000000       __imp__StretchDIBits@52    10001000     gdi32:GDI32.dll
 0001:00000004       \177GDI32_NULL_THUNK_DATA  10001004     gdi32:GDI32.dll
 0001:00000008       __imp__HeapFree@12         10001008     kernel32:KERNEL32.dll
 0001:0000000c       __imp__FindClose@4         1000100c     kernel32:KERNEL32.dll
 0001:00000010       __imp__FindNextFileW@8     10001010     kernel32:KERNEL32.dll
 0001:00000014       __imp__FindFirstFileW@8    10001014     kernel32:KERNEL32.dll
 0001:00000018       __imp__GetProcAddress@8    10001018     kernel32:KERNEL32.dll
 0001:0000001c       __imp__GetModuleHandleW@4  1000101c     kernel32:KERNEL32.dll
 0001:00000020       __imp__FreeLibrary@4       10001020     kernel32:KERNEL32.dll
 0001:00000024       __imp__lstrcmpA@8          10001024     kernel32:KERNEL32.dll
 0001:00000028       __imp__LoadLibraryW@4      10001028     kernel32:KERNEL32.dll
 0001:0000002c       __imp__ExpandEnvironmentStringsW@12 1000102c     kernel32:KERNEL32.dll
 0001:00000030       __imp__SetConsoleTitleW@4  10001030     kernel32:KERNEL32.dll
 0001:00000034       __imp__CloseHandle@4       10001034     kernel32:KERNEL32.dll
 0001:00000038       __imp__CreateFileW@28      10001038     kernel32:KERNEL32.dll
 0001:0000003c       __imp__GetTickCount@0      1000103c     kernel32:KERNEL32.dll
 0001:00000040       __imp__HeapReAlloc@16      10001040     kernel32:KERNEL32.dll
 0001:00000044       __imp__CompareStringW@24   10001044     kernel32:KERNEL32.dll
 0001:00000048       __imp__FileTimeToSystemTime@8 10001048     kernel32:KERNEL32.dll
 0001:0000004c       __imp__FileTimeToLocalFileTime@8 1000104c     kernel32:KERNEL32.dll
 0001:00000050       __imp__ReadConsoleInputW@16 10001050     kernel32:KERNEL32.dll
 0001:00000054       __imp__PeekConsoleInputW@16 10001054     kernel32:KERNEL32.dll
 0001:00000058       __imp__lstrcpynW@12        10001058     kernel32:KERNEL32.dll
 0001:0000005c       __imp__GetLastError@0      1000105c     kernel32:KERNEL32.dll
 0001:00000060       __imp__GetConsoleTitleW@8  10001060     kernel32:KERNEL32.dll
 0001:00000064       __imp__SetFilePointer@16   10001064     kernel32:KERNEL32.dll
 0001:00000068       __imp__CopyFileExW@24      10001068     kernel32:KERNEL32.dll
 0001:0000006c       __imp__GetProcessHeap@0    1000106c     kernel32:KERNEL32.dll
 0001:00000070       __imp__SetFileTime@16      10001070     kernel32:KERNEL32.dll
 0001:00000074       __imp__MoveFileW@8         10001074     kernel32:KERNEL32.dll
 0001:00000078       __imp__SetLastError@4      10001078     kernel32:KERNEL32.dll
 0001:0000007c       __imp__DeleteFileW@4       1000107c     kernel32:KERNEL32.dll
 0001:00000080       __imp__CreateDirectoryW@8  10001080     kernel32:KERNEL32.dll
 0001:00000084       __imp__RemoveDirectoryW@4  10001084     kernel32:KERNEL32.dll
 0001:00000088       __imp__ReadFile@20         10001088     kernel32:KERNEL32.dll
 0001:0000008c       __imp__MultiByteToWideChar@24 1000108c     kernel32:KERNEL32.dll
 0001:00000090       __imp__lstrlenA@4          10001090     kernel32:KERNEL32.dll
 0001:00000094       __imp__lstrcpynA@12        10001094     kernel32:KERNEL32.dll
 0001:00000098       __imp__GetFileAttributesW@4 10001098     kernel32:KERNEL32.dll
 0001:0000009c       __imp__GetFileInformationByHandle@8 1000109c     kernel32:KERNEL32.dll
 0001:000000a0       __imp__SystemTimeToFileTime@8 100010a0     kernel32:KERNEL32.dll
 0001:000000a4       __imp__WaitForSingleObject@8 100010a4     kernel32:KERNEL32.dll
 0001:000000a8       __imp__CreateProcessW@40   100010a8     kernel32:KERNEL32.dll
 0001:000000ac       __imp__SetUnhandledExceptionFilter@4 100010ac     kernel32:KERNEL32.dll
 0001:000000b0       __imp__UnhandledExceptionFilter@4 100010b0     kernel32:KERNEL32.dll
 0001:000000b4       __imp__IsDebuggerPresent@0 100010b4     kernel32:KERNEL32.dll
 0001:000000b8       __imp__GetCurrentProcess@0 100010b8     kernel32:KERNEL32.dll
 0001:000000bc       __imp__TerminateProcess@8  100010bc     kernel32:KERNEL32.dll
 0001:000000c0       __imp__GetSystemTimeAsFileTime@4 100010c0     kernel32:KERNEL32.dll
 0001:000000c4       __imp__GetCurrentProcessId@0 100010c4     kernel32:KERNEL32.dll
 0001:000000c8       __imp__GetCurrentThreadId@0 100010c8     kernel32:KERNEL32.dll
 0001:000000cc       __imp__QueryPerformanceCounter@4 100010cc     kernel32:KERNEL32.dll
 0001:000000d0       __imp__DisableThreadLibraryCalls@4 100010d0     kernel32:KERNEL32.dll
 0001:000000d4       __imp__SetFileAttributesW@8 100010d4     kernel32:KERNEL32.dll
 0001:000000d8       __imp__HeapAlloc@12        100010d8     kernel32:KERNEL32.dll
 0001:000000dc       __imp__IsProcessorFeaturePresent@4 100010dc     kernel32:KERNEL32.dll
 0001:000000e0       __imp__InterlockedCompareExchange@12 100010e0     kernel32:KERNEL32.dll
 0001:000000e4       __imp__Sleep@4             100010e4     kernel32:KERNEL32.dll
 0001:000000e8       __imp__InterlockedExchange@8 100010e8     kernel32:KERNEL32.dll
 0001:000000ec       __imp__DecodePointer@4     100010ec     kernel32:KERNEL32.dll
 0001:000000f0       __imp__EncodePointer@4     100010f0     kernel32:KERNEL32.dll
 0001:000000f4       \177KERNEL32_NULL_THUNK_DATA 100010f4     kernel32:KERNEL32.dll
 0001:000000f8       __imp__free                100010f8     MSVCRT:MSVCR100.dll
 0001:000000fc       __imp___encoded_null       100010fc     MSVCRT:MSVCR100.dll
 0001:00000100       __imp___initterm           10001100     MSVCRT:MSVCR100.dll
 0001:00000104       __imp___initterm_e         10001104     MSVCRT:MSVCR100.dll
 0001:00000108       __imp___amsg_exit          10001108     MSVCRT:MSVCR100.dll
 0001:0000010c       __imp____CppXcptFilter     1000110c     MSVCRT:MSVCR100.dll
 0001:00000110       __imp____clean_type_info_names_internal 10001110     MSVCRT:MSVCR100.dll
 0001:00000114       __imp___unlock             10001114     MSVCRT:MSVCR100.dll
 0001:00000118       __imp____dllonexit         10001118     MSVCRT:MSVCR100.dll
 0001:0000011c       __imp___lock               1000111c     MSVCRT:MSVCR100.dll
 0001:00000120       __imp___onexit             10001120     MSVCRT:MSVCR100.dll
 0001:00000124       __imp___except_handler4_common 10001124     MSVCRT:MSVCR100.dll
 0001:00000128       __imp___crt_debugger_hook  10001128     MSVCRT:MSVCR100.dll
 0001:0000012c       __imp___malloc_crt         1000112c     MSVCRT:MSVCR100.dll
 0001:00000130       __imp__memmove             10001130     MSVCRT:MSVCR100.dll
 0001:00000134       __imp__wcschr              10001134     MSVCRT:MSVCR100.dll
 0001:00000138       __imp__memcpy              10001138     MSVCRT:MSVCR100.dll
 0001:0000013c       __imp__memset              1000113c     MSVCRT:MSVCR100.dll
 0001:00000140       __imp__wcspbrk             10001140     MSVCRT:MSVCR100.dll
 0001:00000144       \177MSVCR100_NULL_THUNK_DATA 10001144     MSVCRT:MSVCR100.dll
 0001:00000148       __imp__SHGetFileInfoW@20   10001148     shell32:SHELL32.dll
 0001:0000014c       __imp__ShellExecuteExW@4   1000114c     shell32:SHELL32.dll
 0001:00000150       __imp__SHFileOperationW@4  10001150     shell32:SHELL32.dll
 0001:00000154       \177SHELL32_NULL_THUNK_DATA 10001154     shell32:SHELL32.dll
 0001:00000158       __imp__InvalidateRect@12   10001158     user32:USER32.dll
 0001:0000015c       __imp__GetDC@4             1000115c     user32:USER32.dll
 0001:00000160       __imp__GetClientRect@8     10001160     user32:USER32.dll
 0001:00000164       __imp__MessageBeep@4       10001164     user32:USER32.dll
 0001:00000168       __imp__ReleaseDC@8         10001168     user32:USER32.dll
 0001:0000016c       \177USER32_NULL_THUNK_DATA 1000116c     user32:USER32.dll
 0001:00000170       ___xc_a                    10001170     MSVCRT:cinitexe.obj
 0001:00000174       ___xc_z                    10001174     MSVCRT:cinitexe.obj
 0001:00000178       ___xi_a                    10001178     MSVCRT:cinitexe.obj
 0001:00000184       ___xi_z                    10001184     MSVCRT:cinitexe.obj
 0001:00000188       _FarGuid                   10001188     AdvCmp.obj
 0001:00000198       _MainGuid                  10001198     AdvCmp.obj
 0001:000001a8       _MenuGuid                  100011a8     AdvCmp.obj
 0001:000001b8       _OptDlgGuid                100011b8     AdvCmp.obj
 0001:000001c8       _CmpDlgGuid                100011c8     AdvCmp.obj
 0001:000001d8       _DupDlgGuid                100011d8     AdvCmp.obj
 0001:000001e8       _OptSyncDlgGuid            100011e8     AdvCmp.obj
 0001:000001f8       _ErrorMsgGuid              100011f8     AdvCmp.obj
 0001:00000208       _YesNoMsgGuid              10001208     AdvCmp.obj
 0001:00000218       _NoDiffMsgGuid             10001218     AdvCmp.obj
 0001:00000228       _ClearCacheMsgGuid         10001228     AdvCmp.obj
 0001:00000238       _CmpMsgGuid                10001238     AdvCmp.obj
 0001:00000248       _NoSyncMsgGuid             10001248     AdvCmp.obj
 0001:00000258       _QueryOverwriteMsgGuid     10001258     AdvCmp.obj
 0001:00000268       _QueryDelMsgGuid           10001268     AdvCmp.obj
 0001:00000278       _SyncMsgGuid               10001278     AdvCmp.obj
 0001:00000288       _FailedCopyMsgGuid         10001288     AdvCmp.obj
 0001:00000298       _FailedDelFileMsgGuid      10001298     AdvCmp.obj
 0001:000002a8       _CantCreateFolderMsgGuid   100012a8     AdvCmp.obj
 0001:000002b8       _FailedDelFolderMsgGuid    100012b8     AdvCmp.obj
 0001:000002c8       _CmpMethodMenuGuid         100012c8     AdvCmp.obj
 0001:000002d8       _CompareCurFileMsgGuid     100012d8     AdvCmp.obj
 0001:000002e8       _DupMsgGuid                100012e8     AdvCmp.obj
 0001:000002f8       _DupDelItemsMsgGuid        100012f8     AdvCmp.obj
 0001:00000308       _DlgSyncSel                10001308     AdvCmp.obj
 0001:00000318       ??_C@_11LOCGONAA@?$AA?$AA@ 10001318     AdvCmp.obj
 0001:0000031c       ??_C@_17NMNBIMH@?$AA?3?$AA?2?$AA?1?$AA?$AA@ 1000131c     AdvCmp.obj
 0001:00000324       ??_C@_13FPGAJAPJ@?$AA?2?$AA?$AA@ 10001324     AdvCmp.obj
 0001:00000328       ??_C@_15PKPONJIK@?$AA?2?$AA?$CK?$AA?$AA@ 10001328     AdvCmp.obj
 0001:00000330       ??_C@_0N@MNDNBOIG@CompareFiles?$AA@ 10001330     AdvCmp.obj
 0001:00000340       ??_C@_1BI@MKFLCELA@?$AAV?$AAi?$AAs?$AAC?$AAo?$AAm?$AAp?$AA?4?$AAd?$AAl?$AAl?$AA?$AA@ 10001340     AdvCmp.obj
 0001:00000358       ??_C@_04GDJFGJAG@3?440?$AA@ 10001358     AdvCmp.obj
 0001:00000360       ??_C@_0O@GEGNDDPH@gflGetColorAt?$AA@ 10001360     AdvCmp.obj
 0001:00000370       ??_C@_0BH@JIDJLDKP@gflFreeFileInformation?$AA@ 10001370     AdvCmp.obj
 0001:00000388       ??_C@_0O@FJPPOABE@gflFreeBitmap?$AA@ 10001388     AdvCmp.obj
 0001:00000398       ??_C@_09NCLAPDNP@gflResize?$AA@ 10001398     AdvCmp.obj
 0001:000003a4       ??_C@_09OCBAJEM@gflRotate?$AA@ 100013a4     AdvCmp.obj
 0001:000003b0       ??_C@_0BE@PPKBKNMD@gflChangeColorDepth?$AA@ 100013b0     AdvCmp.obj
 0001:000003c4       ??_C@_0BI@MNIJMLPA@gflGetDefaultLoadParams?$AA@ 100013c4     AdvCmp.obj
 0001:000003dc       ??_C@_0BP@BAMEHFOM@gflGetFormatInformationByIndex?$AA@ 100013dc     AdvCmp.obj
 0001:000003fc       ??_C@_0BF@NFOLINHE@gflGetNumberOfFormat?$AA@ 100013fc     AdvCmp.obj
 0001:00000414       ??_C@_0P@HOLMDFJK@gflLoadBitmapW?$AA@ 10001414     AdvCmp.obj
 0001:00000424       ??_C@_0P@HNKEFCDA@gflLibraryExit?$AA@ 10001424     AdvCmp.obj
 0001:00000434       ??_C@_0N@JJAHHDDL@gflEnableLZW?$AA@ 10001434     AdvCmp.obj
 0001:00000444       ??_C@_0P@MNCGLHHC@gflLibraryInit?$AA@ 10001444     AdvCmp.obj
 0001:00000454       ??_C@_0O@GNGMALDB@gflGetVersion?$AA@ 10001454     AdvCmp.obj
 0001:00000464       ??_C@_1BM@NFFAKBMH@?$AAl?$AAi?$AAb?$AAg?$AAf?$AAl?$AA3?$AA4?$AA0?$AA?4?$AAd?$AAl?$AAl?$AA?$AA@ 10001464     AdvCmp.obj
 0001:00000480       ??_C@_0BE@CGMNAIFJ@BASS_ChannelGetData?$AA@ 10001480     AdvCmp.obj
 0001:00000494       ??_C@_0BF@ILOFMFLK@BASS_ChannelIsActive?$AA@ 10001494     AdvCmp.obj
 0001:000004ac       ??_C@_0BD@KEHNHOPO@BASS_GetDeviceInfo?$AA@ 100014ac     AdvCmp.obj
 0001:000004c0       ??_C@_0BL@KKAHNALC@BASS_StreamGetFilePosition?$AA@ 100014c0     AdvCmp.obj
 0001:000004dc       ??_C@_0BE@CALJPCCB@BASS_ChannelGetTags?$AA@ 100014dc     AdvCmp.obj
 0001:000004f0       ??_C@_0BE@HBPIGCO@BASS_ChannelGetInfo?$AA@ 100014f0     AdvCmp.obj
 0001:00000504       ??_C@_0BK@NLJIHHKH@BASS_ChannelBytes2Seconds?$AA@ 10001504     AdvCmp.obj
 0001:00000520       ??_C@_0BG@DMDLLFEP@BASS_ChannelGetLength?$AA@ 10001520     AdvCmp.obj
 0001:00000538       ??_C@_0BA@OJEHGEGL@BASS_StreamFree?$AA@ 10001538     AdvCmp.obj
 0001:00000548       ??_C@_0BG@NDKINFBA@BASS_StreamCreateFile?$AA@ 10001548     AdvCmp.obj
 0001:00000560       ??_C@_09DLIMLJKK@BASS_Free?$AA@ 10001560     AdvCmp.obj
 0001:0000056c       ??_C@_09PJNABMCI@BASS_Init?$AA@ 1000156c     AdvCmp.obj
 0001:00000578       ??_C@_0P@DHHNACEP@BASS_SetConfig?$AA@ 10001578     AdvCmp.obj
 0001:00000588       ??_C@_0BA@EBCJDLMI@BASS_GetVersion?$AA@ 10001588     AdvCmp.obj
 0001:00000598       ??_C@_1BC@CDPLFAFF@?$AAb?$AAa?$AAs?$AAs?$AA?4?$AAd?$AAl?$AAl?$AA?$AA@ 10001598     AdvCmp.obj
 0001:000005ac       ??_C@_1CC@CFNOGFKA@?$AAA?$AAl?$AAe?$AAx?$AAe?$AAy?$AA?5?$AAS?$AAa?$AAm?$AAl?$AAy?$AAu?$AAk?$AAo?$AAv?$AA?$AA@ 100015ac     AdvCmp.obj
 0001:000005d0       ??_C@_1GG@OFAPAIMP@?$AAA?$AAd?$AAv?$AAa?$AAn?$AAc?$AAe?$AAd?$AA?5?$AAc?$AAo?$AAm?$AAp?$AAa?$AAr?$AAe?$AA?5?$AAf?$AAi?$AAl?$AAe?$AAs?$AA?5?$AAp?$AAl?$AAu?$AAg?$AAi?$AAn?$AA?5?$AAf?$AAo@ 100015d0     AdvCmp.obj
 0001:00000638       ??_C@_1O@FKLGELAB@?$AAA?$AAd?$AAv?$AAC?$AAm?$AAp?$AA?$AA@ 10001638     AdvCmp.obj
 0001:00000648       ??_C@_1CE@JABLHGPK@?$AA?$CF?$AAF?$AAA?$AAR?$AAH?$AAO?$AAM?$AAE?$AA?$CF?$AA?2?$AAP?$AAl?$AAu?$AAg?$AAi?$AAn?$AAs?$AA?$AA@ 10001648     AdvCmp.obj
 0001:0000066c       ??_C@_1O@PNMIMBDD@?$AAC?$AAO?$AAN?$AAI?$AAN?$AA$?$AA?$AA@ 1000166c     AdvCmp.obj
 0001:0000067c       ??_C@_1BM@HKNBBJFI@?$AAT?$AAo?$AAt?$AAa?$AAl?$AAP?$AAr?$AAo?$AAg?$AAr?$AAe?$AAs?$AAs?$AA?$AA@ 1000167c     AdvCmpDlgOpt.obj
 0001:00000698       ??_C@_1O@CFJIAAME@?$AAD?$AAi?$AAa?$AAl?$AAo?$AAg?$AA?$AA@ 10001698     AdvCmpDlgOpt.obj
 0001:000006a8       ??_C@_1M@INCJHPBL@?$AAS?$AAo?$AAu?$AAn?$AAd?$AA?$AA@ 100016a8     AdvCmpDlgOpt.obj
 0001:000006b4       ??_C@_1BA@JKNNFDFC@?$AAS?$AAh?$AAo?$AAw?$AAM?$AAs?$AAg?$AA?$AA@ 100016b4     AdvCmpDlgOpt.obj
 0001:000006c4       ??_C@_1BE@KPANPGGD@?$AAL?$AAi?$AAg?$AAh?$AAt?$AAS?$AAy?$AAn?$AAc?$AA?$AA@ 100016c4     AdvCmpDlgOpt.obj
 0001:000006d8       ??_C@_1BM@LPNEICCE@?$AAI?$AAg?$AAn?$AAo?$AAr?$AAe?$AAM?$AAi?$AAs?$AAs?$AAi?$AAn?$AAg?$AA?$AA@ 100016d8     AdvCmpDlgOpt.obj
 0001:000006f4       ??_C@_1BM@NDDGIING@?$AAS?$AAy?$AAn?$AAc?$AAO?$AAn?$AAl?$AAy?$AAR?$AAi?$AAg?$AAh?$AAt?$AA?$AA@ 100016f4     AdvCmpDlgOpt.obj
 0001:00000710       ??_C@_1BI@LCLNFHNA@?$AAS?$AAe?$AAl?$AAe?$AAc?$AAt?$AAe?$AAd?$AAN?$AAe?$AAw?$AA?$AA@ 10001710     AdvCmpDlgOpt.obj
 0001:00000728       ??_C@_1CA@MDABALAC@?$AAP?$AAr?$AAo?$AAc?$AAe?$AAs?$AAs?$AAS?$AAe?$AAl?$AAe?$AAc?$AAt?$AAe?$AAd?$AA?$AA@ 10001728     AdvCmpDlgOpt.obj
 0001:00000748       ??_C@_1O@FIAKOBIM@?$AAF?$AAi?$AAl?$AAt?$AAe?$AAr?$AA?$AA@ 10001748     AdvCmpDlgOpt.obj
 0001:00000758       ??_C@_1BI@COLGOCHM@?$AAS?$AAt?$AAo?$AAp?$AAD?$AAi?$AAf?$AAf?$AAD?$AAu?$AAp?$AA?$AA@ 10001758     AdvCmpDlgOpt.obj
 0001:00000770       ??_C@_1BG@JBAEPPEE@?$AAS?$AAk?$AAi?$AAp?$AAS?$AAu?$AAb?$AAs?$AAt?$AAr?$AA?$AA@ 10001770     AdvCmpDlgOpt.obj
 0001:00000788       ??_C@_1BK@GGEMFANC@?$AAM?$AAa?$AAx?$AAS?$AAc?$AAa?$AAn?$AAD?$AAe?$AAp?$AAt?$AAh?$AA?$AA@ 10001788     AdvCmpDlgOpt.obj
 0001:000007a4       ??_C@_1BG@OJOGPFHF@?$AAS?$AAu?$AAb?$AAf?$AAo?$AAl?$AAd?$AAe?$AAr?$AAs?$AA?$AA@ 100017a4     AdvCmpDlgOpt.obj
 0001:000007bc       ??_C@_1CI@NKJAIFDG@?$AAD?$AAu?$AAp?$AAM?$AAu?$AAs?$AAi?$AAc?$AAD?$AAu?$AAr?$AAa?$AAt?$AAi?$AAo?$AAn?$AAS?$AAe?$AAc?$AA?$AA@ 100017bc     AdvCmpDlgOpt.obj
 0001:000007e4       ??_C@_1CC@IHMLKPFB@?$AAD?$AAu?$AAp?$AAM?$AAu?$AAs?$AAi?$AAc?$AAD?$AAu?$AAr?$AAa?$AAt?$AAi?$AAo?$AAn?$AA?$AA@ 100017e4     AdvCmpDlgOpt.obj
 0001:00000808       ??_C@_1BM@DNGNPMGB@?$AAD?$AAu?$AAp?$AAM?$AAu?$AAs?$AAi?$AAc?$AAT?$AAi?$AAt?$AAl?$AAe?$AA?$AA@ 10001808     AdvCmpDlgOpt.obj
 0001:00000824       ??_C@_1BO@COEEBKGG@?$AAD?$AAu?$AAp?$AAM?$AAu?$AAs?$AAi?$AAc?$AAA?$AAr?$AAt?$AAi?$AAs?$AAt?$AA?$AA@ 10001824     AdvCmpDlgOpt.obj
 0001:00000844       ??_C@_1BC@PMIKCCFA@?$AAD?$AAu?$AAp?$AAM?$AAu?$AAs?$AAi?$AAc?$AA?$AA@ 10001844     AdvCmpDlgOpt.obj
 0001:00000858       ??_C@_1BE@GOCOKLNJ@?$AAD?$AAu?$AAp?$AAP?$AAi?$AAc?$AAF?$AAm?$AAt?$AA?$AA@ 10001858     AdvCmpDlgOpt.obj
 0001:0000086c       ??_C@_1BG@GCMBEIAP@?$AAD?$AAu?$AAp?$AAP?$AAi?$AAc?$AAS?$AAi?$AAz?$AAe?$AA?$AA@ 1000186c     AdvCmpDlgOpt.obj
 0001:00000884       ??_C@_1BG@MBBCLPJA@?$AAD?$AAu?$AAp?$AAP?$AAi?$AAc?$AAD?$AAi?$AAf?$AAf?$AA?$AA@ 10001884     AdvCmpDlgOpt.obj
 0001:0000089c       ??_C@_1O@GPLPHIBH@?$AAD?$AAu?$AAp?$AAP?$AAi?$AAc?$AA?$AA@ 1000189c     AdvCmpDlgOpt.obj
 0001:000008ac       ??_C@_1BI@OALFBMAN@?$AAD?$AAu?$AAp?$AAC?$AAo?$AAn?$AAt?$AAe?$AAn?$AAt?$AAs?$AA?$AA@ 100018ac     AdvCmpDlgOpt.obj
 0001:000008c4       ??_C@_1BA@JIELPNEG@?$AAD?$AAu?$AAp?$AAS?$AAi?$AAz?$AAe?$AA?$AA@ 100018c4     AdvCmpDlgOpt.obj
 0001:000008d4       ??_C@_1BA@IHCNNOII@?$AAD?$AAu?$AAp?$AAN?$AAa?$AAm?$AAe?$AA?$AA@ 100018d4     AdvCmpDlgOpt.obj
 0001:000008e4       ??_C@_1CA@HHADAAHK@?$AAI?$AAg?$AAn?$AAo?$AAr?$AAe?$AAT?$AAe?$AAm?$AAp?$AAl?$AAa?$AAt?$AAe?$AAs?$AA?$AA@ 100018e4     AdvCmpDlgOpt.obj
 0001:00000904       ??_C@_1O@BBJGCGCB@?$AAI?$AAg?$AAn?$AAo?$AAr?$AAe?$AA?$AA@ 10001904     AdvCmpDlgOpt.obj
 0001:00000914       ??_C@_1BK@CLOMADIB@?$AAP?$AAa?$AAr?$AAt?$AAl?$AAy?$AAK?$AAb?$AAS?$AAi?$AAz?$AAe?$AA?$AA@ 10001914     AdvCmpDlgOpt.obj
 0001:00000930       ??_C@_1BG@NPPOCGHP@?$AAP?$AAa?$AAr?$AAt?$AAl?$AAy?$AAF?$AAu?$AAl?$AAl?$AA?$AA@ 10001930     AdvCmpDlgOpt.obj
 0001:00000948       ??_C@_1O@JBPIHDK@?$AAP?$AAa?$AAr?$AAt?$AAl?$AAy?$AA?$AA@ 10001948     AdvCmpDlgOpt.obj
 0001:00000958       ??_C@_1BI@HLPIJIIF@?$AAC?$AAa?$AAc?$AAh?$AAe?$AAI?$AAg?$AAn?$AAo?$AAr?$AAe?$AA?$AA@ 10001958     AdvCmpDlgOpt.obj
 0001:00000970       ??_C@_1M@ELMJBOIA@?$AAC?$AAa?$AAc?$AAh?$AAe?$AA?$AA@ 10001970     AdvCmpDlgOpt.obj
 0001:0000097c       ??_C@_1BK@FLCLGMAC@?$AAO?$AAn?$AAl?$AAy?$AAT?$AAi?$AAm?$AAe?$AAD?$AAi?$AAf?$AAf?$AA?$AA@ 1000197c     AdvCmpDlgOpt.obj
 0001:00000998       ??_C@_1BI@MBBJEHDL@?$AAC?$AAm?$AAp?$AAC?$AAo?$AAn?$AAt?$AAe?$AAn?$AAt?$AAs?$AA?$AA@ 10001998     AdvCmpDlgOpt.obj
 0001:000009b0       ??_C@_1BO@OGLLGCH@?$AAI?$AAg?$AAn?$AAo?$AAr?$AAe?$AAT?$AAi?$AAm?$AAe?$AAZ?$AAo?$AAn?$AAe?$AA?$AA@ 100019b0     AdvCmpDlgOpt.obj
 0001:000009d0       ??_C@_1CC@GIIFACBC@?$AAL?$AAo?$AAw?$AAP?$AAr?$AAe?$AAc?$AAi?$AAs?$AAi?$AAo?$AAn?$AAT?$AAi?$AAm?$AAe?$AA?$AA@ 100019d0     AdvCmpDlgOpt.obj
 0001:000009f4       ??_C@_1BA@KKAFDIMK@?$AAS?$AAe?$AAc?$AAo?$AAn?$AAd?$AAs?$AA?$AA@ 100019f4     AdvCmpDlgOpt.obj
 0001:00000a04       ??_C@_1BA@MMFGAODD@?$AAC?$AAm?$AAp?$AAT?$AAi?$AAm?$AAe?$AA?$AA@ 10001a04     AdvCmpDlgOpt.obj
 0001:00000a14       ??_C@_1BA@DAFJCHGJ@?$AAC?$AAm?$AAp?$AAS?$AAi?$AAz?$AAe?$AA?$AA@ 10001a14     AdvCmpDlgOpt.obj
 0001:00000a24       ??_C@_1BA@ODBNOMPM@?$AAC?$AAm?$AAp?$AAC?$AAa?$AAs?$AAe?$AA?$AA@ 10001a24     AdvCmpDlgOpt.obj
 0001:00000a34       ??_C@_19OBGHODPD@?$AAM?$AAo?$AAd?$AAe?$AA?$AA@ 10001a34     AdvCmpDlgOpt.obj
 0001:00000a40       ??_C@_1O@JDLOHAN@?$AAD?$AAe?$AAl?$AAe?$AAt?$AAe?$AA?$AA@ 10001a40     AdvCmpDlgOpt.obj
 0001:00000a50       ??_C@_1BG@EEJFCAOO@?$AAS?$AAh?$AAo?$AAw?$AAH?$AAi?$AAd?$AAd?$AAe?$AAn?$AA?$AA@ 10001a50     AdvCmpDlgOpt.obj
 0001:00000a68       ??_C@_1BK@CIDNEPEL@?$AAS?$AAc?$AAa?$AAn?$AAJ?$AAu?$AAn?$AAc?$AAt?$AAi?$AAo?$AAn?$AA?$AA@ 10001a68     AdvCmpDlgOpt.obj
 0001:00000a84       ??_C@_1BC@ENICKDH@?$AAC?$AAo?$AAn?$AAt?$AAe?$AAn?$AAt?$AAs?$AA?$AA@ 10001a84     AdvCmpDlgOpt.obj
 0001:00000a98       ??_C@_1EM@GMKIMJJC@?$AA?$CF?$AAP?$AAr?$AAo?$AAg?$AAr?$AAa?$AAm?$AAF?$AAi?$AAl?$AAe?$AAs?$AA?$CF?$AA?2?$AAW?$AAi?$AAn?$AAM?$AAe?$AAr?$AAg?$AAe?$AA?2?$AAW?$AAi?$AAn?$AAM?$AAe?$AAr?$AAg?$AAe@ 10001a98     AdvCmpDlgOpt.obj
 0001:00000ae4       ??_C@_1BK@KONCIHLD@?$AAW?$AAi?$AAn?$AAM?$AAe?$AAr?$AAg?$AAe?$AAP?$AAa?$AAt?$AAh?$AA?$AA@ 10001ae4     AdvCmpDlgOpt.obj
 0001:00000b00       ??_C@_1CC@OPIDGAOF@?$AAA?$AAd?$AAv?$AAC?$AAm?$AAp?$AAS?$AAk?$AAi?$AAp?$AAS?$AAu?$AAb?$AAs?$AAt?$AAr?$AA?$AA@ 10001b00     AdvCmpDlgOpt.obj
 0001:00000b24       ??_C@_15HBDAHCPF@?$AA1?$AA0?$AA?$AA@ 10001b24     AdvCmpDlgOpt.obj
 0001:00000b2c       ??_C@_13DMCFHHKM@?$AA3?$AA?$AA@ 10001b2c     AdvCmpDlgOpt.obj
 0001:00000b30       ??_C@_17KOAJIJIO@?$AA9?$AA9?$AA9?$AA?$AA@ 10001b30     AdvCmpDlgOpt.obj
 0001:00000b38       ??_C@_1BM@LNDEOGCN@?$AAA?$AAd?$AAv?$AAC?$AAm?$AAp?$AAD?$AAu?$AAp?$AAP?$AAa?$AAt?$AAh?$AA?$AA@ 10001b38     AdvCmpDlgOpt.obj
 0001:00000b54       ??_C@_15ODFHNFBK@?$AA6?$AA4?$AA?$AA@ 10001b54     AdvCmpDlgOpt.obj
 0001:00000b5c       ??_C@_1BG@OENFDIKF@?$AA?$CD?$AA?$CD?$AA?$CD?$AA?$CD?$AA?$CD?$AA?$CD?$AA?$CD?$AA?$CD?$AA?$CD?$AA?$CD?$AA?$AA@ 10001b5c     AdvCmpDlgOpt.obj
 0001:00000b74       ??_C@_15POOJFBDG@?$AA?1?$AAi?$AA?$AA@ 10001b74     AdvCmpProc.obj
 0001:00000b7c       ??_C@_13CGOKJPIL@?$AA?1?$AA?$AA@ 10001b7c     AdvCmpProc.obj
 0001:00000b80       ??_C@_1BA@HPFGHEEE@?$AA?$CF?$AAs?$AA?$CF?$AA3?$AAd?$AA?$CF?$AA?$CF?$AA?$AA@ 10001b80     AdvCmpProc.obj
 0001:00000b90       ??_C@_1DM@FGPDMNNI@?$AA?$CF?$AA0?$AA2?$AAd?$AA?4?$AA?$CF?$AA0?$AA2?$AAd?$AA?4?$AA?$CF?$AA0?$AA2?$AAd?$AA?5?$AA?$CF?$AA0?$AA2?$AAd?$AA?3?$AA?$CF?$AA0?$AA2?$AAd?$AA?3?$AA?$CF?$AA0?$AA2?$AAd?$AA?$AA@ 10001b90     AdvCmpProc.obj
 0001:00000bcc       ??_C@_1DM@JPDDDKCE@?$AA?$CF?$AA0?$AA2?$AAd?$AA?4?$AA?$CF?$AA0?$AA2?$AAd?$AA?4?$AA?$CF?$AA0?$AA4?$AAd?$AA?5?$AA?$CF?$AA0?$AA2?$AAd?$AA?3?$AA?$CF?$AA0?$AA2?$AAd?$AA?3?$AA?$CF?$AA0?$AA2?$AAd?$AA?$AA@ 10001bcc     AdvCmpProc.obj
 0001:00000c08       ??_C@_17FPIFMLJN@?$AAE?$AAs?$AAc?$AA?$AA@ 10001c08     AdvCmpProc.obj
 0001:00000c10       ??_C@_1EG@DJKPIMGA@?$AA?$CF?$AA?$CK?$AA?4?$AA?$CK?$AAs?$AA?$CF?$AAc?$AA?$CF?$AA?$CK?$AA?4?$AA?$CK?$AAs?$AA?$CF?$AAc?$AA?$CF?$AA?$CK?$AA?4?$AA?$CK?$AAs?$AA?$CF?$AAc?$AA?$CF?$AA?$CK?$AA?4?$AA?$CK?$AAs?$AA?$CF?$AAc?$AA?$CF?$AAc?$AA?$CF?$AAc@ 10001c10     AdvCmpProc.obj
 0001:00000c58       ??_C@_1CK@FFJDBBNB@?$AA?$CF?$AA?$CK?$AA?4?$AA?$CK?$AAs?$AA?$CF?$AAc?$AA?$CF?$AA?$CK?$AA?4?$AA?$CK?$AAs?$AA?$CF?$AAc?$AA?$CF?$AAc?$AA?$CF?$AAc?$AA?$CF?$AAs?$AA?$AA@ 10001c58     AdvCmpProc.obj
 0001:00000c84       ??_C@_1O@BAHFLJEE@?$AAD?$AAl?$AAg?$AAC?$AAm?$AAp?$AA?$AA@ 10001c84     AdvCmpProc.obj
 0001:00000c94       ??_C@_13GGAHEHIG@?$AA?$AB?$AA?$AA@ 10001c94     AdvCmpProc.obj
 0001:00000c98       ??_C@_1DC@EMNBMGAF@?$AA?$CF?$AA?9?$AA3?$AA0?$AA?4?$AA3?$AA0?$AAs?$AA?5?$AA?$CF?$AA1?$AA5?$AA?4?$AA1?$AA5?$AAs?$AA?5?$AA?$CF?$AA1?$AA9?$AA?4?$AA1?$AA9?$AAs?$AA?$AA@ 10001c98     AdvCmpProc.obj
 0001:00000ccc       ??_C@_15MMAMLPML@?$AAR?$AAO?$AA?$AA@ 10001ccc     AdvCmpProc.obj
 0001:00000cd4       ??_C@_19HNCGHLOK@?$AAC?$AAo?$AAp?$AAy?$AA?$AA@ 10001cd4     AdvCmpProc.obj
 0001:00000ce0       ??_C@_1O@PFDFDAKL@?$AAD?$AAl?$AAg?$AAD?$AAu?$AAp?$AA?$AA@ 10001ce0     AdvCmpProc.obj
 0001:00000cf0       ??_C@_1CG@BHPDHDIF@?$AAD?$AAe?$AAl?$AAe?$AAt?$AAe?$AAT?$AAo?$AAR?$AAe?$AAc?$AAy?$AAc?$AAl?$AAe?$AAB?$AAi?$AAn?$AA?$AA@ 10001cf0     AdvCmpProc.obj
 0001:00000d18       ??_C@_1DI@POMLGGOD@?$AA?$CF?$AA?$CK?$AAd?$AA?$CF?$AAc?$AA?$CF?$AA?9?$AA1?$AA0?$AA2?$AA?4?$AA1?$AA0?$AA2?$AAs?$AA?$CF?$AAc?$AA?$CF?$AA?9?$AA7?$AA?4?$AA7?$AAs?$AA?$CF?$AAc?$AA?$CF?$AAs?$AA?$AA@ 10001d18     AdvCmpProc.obj
 0001:00000d50       ??_C@_1DC@MNGKLPNJ@?$AA?$CF?$AA?9?$AA8?$AA8?$AA?4?$AA8?$AA8?$AAs?$AA?$CF?$AAc?$AA?$CF?$AA5?$AA?4?$AA5?$AAs?$AA?5?$AAx?$AA?5?$AA?$CF?$AA?9?$AA5?$AA?4?$AA5?$AAs?$AA?$AA@ 10001d50     AdvCmpProc.obj
 0001:00000d84       ??_C@_1CG@ONPIAMKH@?$AA?$CF?$AA?9?$AA8?$AA2?$AA?4?$AA8?$AA2?$AAs?$AA?$CF?$AAc?$AA?$CF?$AA?9?$AA1?$AA9?$AA?4?$AA1?$AA9?$AAs?$AA?$AA@ 10001d84     AdvCmpProc.obj
 0001:00000db0       ??_C@_1FG@LCGJPMKA@?$AA?$CF?$AA?9?$AA3?$AA0?$AA?4?$AA3?$AA0?$AAs?$AA?$CF?$AAc?$AA?$CF?$AA?9?$AA3?$AA0?$AA?4?$AA3?$AA0?$AAs?$AA?5?$AA?$CF?$AA?9?$AA3?$AA0?$AA?4?$AA3?$AA0?$AAs?$AA?5?$AA?$CF?$AA0?$AA2?$AAu@ 10001db0     AdvCmpProc.obj
 0001:00000e08       ??_C@_1CA@OMNOOMOK@?$AA?$CF?$AA?$CK?$AAd?$AA?$CF?$AAc?$AA?$CF?$AA?9?$AA7?$AA?4?$AA7?$AAs?$AA?$CF?$AAc?$AA?$CF?$AAs?$AA?$AA@ 10001e08     AdvCmpProc.obj
 0001:00000e28       ??_C@_1BK@JLCJJNIJ@?$AAD?$AAu?$AAp?$AAL?$AAi?$AAs?$AAt?$AAS?$AAm?$AAa?$AAl?$AAl?$AA?$AA@ 10001e28     AdvCmpProc.obj
 0001:00000e44       ??_C@_13BBDEGPLJ@?$AA?$CK?$AA?$AA@ 10001e44     AdvCmpProc.obj
 0001:00000e48       ??_C@_17DOIHMIOA@?$AA_?$AA?9?$AA_?$AA?$AA@ 10001e48     AdvCmpProc.obj
 0001:00000e50       ??_C@_17HIKLPLBG@?$AA?5?$AA?9?$AA?5?$AA?$AA@ 10001e50     AdvCmpProc.obj
 0001:00000e58       ??_C@_03BMBBGKAL@TT2?$AA@  10001e58     AdvCmpProc.obj
 0001:00000e5c       ??_C@_03DADFJBBE@TP1?$AA@  10001e5c     AdvCmpProc.obj
 0001:00000e60       ??_C@_04JEJHKEED@TIT2?$AA@ 10001e60     AdvCmpProc.obj
 0001:00000e68       ??_C@_04IPEPCGNC@TPE1?$AA@ 10001e68     AdvCmpProc.obj
 0001:00000e70       __real@3fe0000000000000    10001e70     AdvCmpProc.obj
 0001:00000e78       __real@405f400000000000    10001e78     AdvCmpProc.obj
 0001:00000e80       ??_C@_1M@IFOKNGIO@?$AA?$CK?$AA?4?$AAm?$AAp?$AA3?$AA?$AA@ 10001e80     AdvCmpProc.obj
 0001:00000e8c       ??_C@_1CG@CAJJNEMJ@?$AA?$CK?$AA?4?$AAi?$AAc?$AAo?$AA?0?$AA?$CK?$AA?4?$AAi?$AAc?$AAo?$AAn?$AA?0?$AA?$CK?$AA?4?$AAi?$AAc?$AAn?$AA?$AA@ 10001e8c     AdvCmpProc.obj
 0001:00000eb4       ??_C@_1BK@CEGDNOLI@?$AA?$CK?$AA?4?$AAt?$AAi?$AAf?$AA?0?$AA?$CK?$AA?4?$AAt?$AAi?$AAf?$AAf?$AA?$AA@ 10001eb4     AdvCmpProc.obj
 0001:00000ed0       ??_C@_1M@BPOHAJGK@?$AA?$CK?$AA?4?$AAp?$AAn?$AAg?$AA?$AA@ 10001ed0     AdvCmpProc.obj
 0001:00000edc       ??_C@_1M@MMCAGGIF@?$AA?$CK?$AA?4?$AAg?$AAi?$AAf?$AA?$AA@ 10001edc     AdvCmpProc.obj
 0001:00000ee8       ??_C@_1CE@GFEFFBG@?$AA?$CK?$AA?4?$AAb?$AAm?$AAp?$AA?0?$AA?$CK?$AA?4?$AAd?$AAi?$AAb?$AA?0?$AA?$CK?$AA?4?$AAr?$AAl?$AAe?$AA?$AA@ 10001ee8     AdvCmpProc.obj
 0001:00000f10       ??_C@_1GO@JAOJHLK@?$AA?$CK?$AA?4?$AAj?$AAp?$AAg?$AA?0?$AA?$CK?$AA?4?$AAj?$AAp?$AAe?$AAg?$AA?0?$AA?$CK?$AA?4?$AAj?$AAp?$AAe?$AA?0?$AA?$CK?$AA?4?$AAj?$AAf?$AAi?$AAf?$AA?0?$AA?$CK?$AA?4?$AAj?$AAi?$AAf?$AAf@ 10001f10     AdvCmpProc.obj
 0001:00000f80       ??_C@_1CE@MNJBODIH@?$AA?$CC?$AA?$CF?$AAs?$AA?$CC?$AA?5?$AA?9?$AAe?$AA?5?$AA?$CC?$AA?$CF?$AAs?$AA?$CC?$AA?5?$AA?$CC?$AA?$CF?$AAs?$AA?$CC?$AA?$AA@ 10001f80     AdvCmpProc.obj
 0001:00000fa4       ??_C@_17EKCCMHFF@?$AAF?$AA1?$AA0?$AA?$AA@ 10001fa4     AdvCmpProc.obj
 0001:00000fac       ??_C@_1M@MOFLFCEC@?$AA?$CF?$AAs?$AA?5?$AA?$CF?$AAs?$AA?$AA@ 10001fac     AdvCmpProc.obj
 0001:00000fb8       ??_C@_13HOIJIPNN@?$AA?5?$AA?$AA@ 10001fb8     AdvCmpProc.obj
 0001:00000fbc       __pDefaultRawDllMain       10001fbc     MSVCRT:crtdll.obj
 0001:00000fbc       __pRawDllMain              10001fbc     MSVCRT:crtdll.obj
 0001:00000fc8       __load_config_used         10001fc8     MSVCRT:loadcfg.obj
 0001:00001010       ___safe_se_handler_table   10002010     <linker-defined>
 0001:00001014       ___rtc_iaa                 10002014     MSVCRT:_initsect_.obj
 0001:00001018       ___rtc_izz                 10002018     MSVCRT:_initsect_.obj
 0001:0000101c       ___rtc_taa                 1000201c     MSVCRT:_initsect_.obj
 0001:00001020       ___rtc_tzz                 10002020     MSVCRT:_initsect_.obj
 0001:00001030       ?GetMsg@@YIPB_WH@Z         10002030 f   AdvCmp.obj
 0001:00001040       ?ErrorMsg@@YIXKK@Z         10002040 f   AdvCmp.obj
 0001:000010a0       ?YesNoMsg@@YI_NKK@Z        100020a0 f   AdvCmp.obj
 0001:00001100       ?GetFarSetting@@YI_JW4FARSETTINGS_SUBFOLDERS@@PB_W@Z 10002100 f   AdvCmp.obj
 0001:000011c0       ?GetDirList@@YIXAAUFarPanelInfo@@AAUDirList@@@Z 100021c0 f   AdvCmp.obj
 0001:00001500       ?FreeDirList@@YIXPAUDirList@@@Z 10002500 f   AdvCmp.obj
 0001:00001580       ?FindFile@@YI_NPA_W0AAVstring@@@Z 10002580 f   AdvCmp.obj
 0001:00001700       ?LoadVisComp@@YI_NPA_W@Z   10002700 f   AdvCmp.obj
 0001:00001790       ?UnLoadGfl@@YI_NXZ         10002790 f   AdvCmp.obj
 0001:000017c0       ?LoadGfl@@YI_NPA_W@Z       100027c0 f   AdvCmp.obj
 0001:00001aa0       ?UnLoadBASS@@YI_NXZ        10002aa0 f   AdvCmp.obj
 0001:00001ad0       ?LoadBASS@@YI_NPA_W@Z      10002ad0 f   AdvCmp.obj
 0001:00001db0       _GetGlobalInfoW@4          10002db0 f   AdvCmp.obj
 0001:00001e30       _SetStartupInfoW@4         10002e30 f   AdvCmp.obj
 0001:00001ec0       _GetPluginInfoW@4          10002ec0 f   AdvCmp.obj
 0001:00001f00       _OpenW@4                   10002f00 f   AdvCmp.obj
 0001:00002460       _ExitFARW@4                10003460 f   AdvCmp.obj
 0001:000024e0       ?enlarge@string@@AAE_NI@Z  100034e0 f   string.obj
 0001:00002550       ??0string@@QAE@XZ          10003550 f   string.obj
 0001:00002570       ??1string@@QAE@XZ          10003570 f   string.obj
 0001:00002590       ??Bstring@@QBEPB_WXZ       10003590 f   string.obj
 0001:000025a0       ??Astring@@QAEAA_WI@Z      100035a0 f   string.obj
 0001:000025c0       ?length@string@@QBEIXZ     100035c0 f   string.obj
 0001:000025d0       ?updsize@string@@QAEXXZ    100035d0 f   string.obj
 0001:00002600       ?get@string@@QAEPA_WI@Z    10003600 f   string.obj
 0001:00002630       ??Ystring@@QAEAAV0@_W@Z    10003630 f   string.obj
 0001:00002680       ??Ystring@@QAEAAV0@PB_W@Z  10003680 f   string.obj
 0001:00002710       ??0string@@QAE@PB_W@Z      10003710 f   string.obj
 0001:00002780       ??4string@@QAEAAV0@PB_W@Z  10003780 f   string.obj
 0001:000027e0       ??H@YI?AVstring@@ABV0@PB_W@Z 100037e0 f   string.obj
 0001:000028c0       ?Close@AdvCmpDlgOpt@@QAEXXZ 100038c0 f   AdvCmpDlgOpt.obj
 0001:00002940       ?ShowOptDialogProc@AdvCmpDlgOpt@@AAGHPAXHH0@Z 10003940 f   AdvCmpDlgOpt.obj
 0001:00004270       ?ShowOptDialogProcThunk@AdvCmpDlgOpt@@CGHPAXHH0@Z 10005270 f   AdvCmpDlgOpt.obj
 0001:000042a0       ?ShowOptDialog@AdvCmpDlgOpt@@QAEHXZ 100052a0 f   AdvCmpDlgOpt.obj
 0001:00006700       ?Strncmp@@YAHPB_W0H@Z      10007700 f i AdvCmpProc.obj
 0001:00006730       ?IsNewLine@AdvCmpProc@@AAE_NH@Z 10007730 f i AdvCmpProc.obj
 0001:00006750       ?myIsSpace@AdvCmpProc@@AAE_NH@Z 10007750 f i AdvCmpProc.obj
 0001:00006780       ?IsWhiteSpace@AdvCmpProc@@AAE_NH@Z 10007780 f i AdvCmpProc.obj
 0001:000067b0       ?CutSubstr@@YIPA_WAAVstring@@PA_W@Z 100077b0 f   AdvCmpProc.obj
 0001:00006a60       ?strcentr@@YIXPA_WPB_WH_W@Z 10007a60 f   AdvCmpProc.obj
 0001:00006b20       ?itoaa@@YIPA_W_JPA_W@Z     10007b20 f   AdvCmpProc.obj
 0001:00006bd0       ?ProgressLine@@YIXPA_W_K1@Z 10007bd0 f   AdvCmpProc.obj
 0001:00006d00       ?GetPosToName@@YIPA_WPB_W@Z 10007d00 f   AdvCmpProc.obj
 0001:00006d30       ?GetFullFileName@@YIXAAVstring@@PB_W1_N@Z 10007d30 f   AdvCmpProc.obj
 0001:00006dd0       ?CheckForEsc@@YI_NXZ       10007dd0 f   AdvCmpProc.obj
 0001:00006ec0       ?TruncCopy@@YIXPA_WPB_WH1@Z 10007ec0 f   AdvCmpProc.obj
 0001:00006fb0       ?GetArgv@@YIHPB_WPAPAPA_W@Z 10007fb0 f   AdvCmpProc.obj
 0001:00007130       ?Close@AdvCmpProc@@QAEXXZ  10008130 f   AdvCmpProc.obj
 0001:000072d0       ?GetFarTitle@AdvCmpProc@@AAE_NAAVstring@@@Z 100082d0 f   AdvCmpProc.obj
 0001:00007360       ?WFD2PPI@AdvCmpProc@@AAEXAAU_WIN32_FIND_DATAW@@AAUPluginPanelItem@@@Z 10008360 f   AdvCmpProc.obj
 0001:000073f0       ?CheckScanDepth@AdvCmpProc@@AAE_NPB_WH@Z 100083f0 f   AdvCmpProc.obj
 0001:00007420       ?mySetFilePointer@AdvCmpProc@@AAE_NPAX_KK@Z 10008420 f   AdvCmpProc.obj
 0001:00007480       ?ProcessCRC@AdvCmpProc@@AAEKPAXHK@Z 10008480 f   AdvCmpProc.obj
 0001:000074f0       ?FreeDirList@AdvCmpProc@@AAEXPAUDirList@@@Z 100084f0 f   AdvCmpProc.obj
 0001:00007570       ?PICompare@@YGHPBX0PAX@Z   10008570 f   AdvCmpProc.obj
 0001:00007670       ?BuildItemsIndex@AdvCmpProc@@AAE_N_NPBUDirList@@PAUItemsIndex@1@H@Z 10008670 f   AdvCmpProc.obj
 0001:000079e0       ?FreeItemsIndex@AdvCmpProc@@AAEXPAUItemsIndex@1@@Z 100089e0 f   AdvCmpProc.obj
 0001:00007a10       ?GetCacheResult@AdvCmpProc@@AAEHKK_K0@Z 10008a10 f   AdvCmpProc.obj
 0001:00007ab0       ?SetCacheResult@AdvCmpProc@@AAE_NKK_K0K@Z 10008ab0 f   AdvCmpProc.obj
 0001:00007c20       ?ShowCmpMsg@AdvCmpProc@@AAEXPB_W000_N@Z 10008c20 f   AdvCmpProc.obj
 0001:000080a0       ?ShowDupMsg@AdvCmpProc@@AAEXPB_W0_N@Z 100090a0 f   AdvCmpProc.obj
 0001:00008460       ?MakeFileList@AdvCmpProc@@AAE_NPB_WPBUPluginPanelItem@@01K@Z 10009460 f   AdvCmpProc.obj
 0001:00008700       ?cmpSortList@@YGHPBX0PAX@Z 10009700 f   AdvCmpProc.obj
 0001:000087a0       ?MakeListItemText@@YIXPA_WPAUcmpFile@@_W@Z 100097a0 f   AdvCmpProc.obj
 0001:00008be0       ?SetBottom@@YIXPAXPAUcmpFileList@@PA_W@Z 10009be0 f   AdvCmpProc.obj
 0001:00008d10       ?MakeCmpFarList@@YI_NPAXPAUcmpFileList@@_N2@Z 10009d10 f   AdvCmpProc.obj
 0001:00009640       ?GetSyncOpt@@YIHPAUcmpFileList@@@Z 1000a640 f   AdvCmpProc.obj
 0001:00009d60       ?QueryOverwriteFile@AdvCmpProc@@AAEHPB_WPAU_FILETIME@@1_K2H_N@Z 1000ad60 f   AdvCmpProc.obj
 0001:00009fe0       ?QueryDelete@AdvCmpProc@@AAEHPB_W_N1@Z 1000afe0 f   AdvCmpProc.obj
 0001:0000a0f0       ?ShowSyncMsg@@YIXPB_W0_K1_N@Z 1000b0f0 f   AdvCmpProc.obj
 0001:0000a270       ?SynchronizeFileCopyCallback@@YGKT_LARGE_INTEGER@@000KKPAX11@Z 1000b270 f   AdvCmpProc.obj
 0001:0000a2d0       ?FileExists@AdvCmpProc@@AAEHPB_WAAU_WIN32_FIND_DATAW@@H@Z 1000b2d0 f   AdvCmpProc.obj
 0001:0000a400       ?SyncFile@AdvCmpProc@@AAEHPB_W0HK@Z 1000b400 f   AdvCmpProc.obj
 0001:0000aad0       ?DelFile@AdvCmpProc@@AAEHPB_W@Z 1000bad0 f   AdvCmpProc.obj
 0001:0000aea0       ?SyncDir@AdvCmpProc@@AAEHPB_W0H@Z 1000bea0 f   AdvCmpProc.obj
 0001:0000b190       ?DelDir@AdvCmpProc@@AAEHPB_W@Z 1000c190 f   AdvCmpProc.obj
 0001:0000b500       ?Synchronize@AdvCmpProc@@AAEHXZ 1000c500 f   AdvCmpProc.obj
 0001:0000b8b0       ?MakeFileList@AdvCmpProc@@AAE_NPB_WPBUPluginPanelItem@@@Z 1000c8b0 f   AdvCmpProc.obj
 0001:0000ba80       ?GetDupOpt@@YIHPAUdupFileList@@@Z 1000ca80 f   AdvCmpProc.obj
 0001:0000bf10       ?dupSortListByName@@YGHPBX0PAX@Z 1000cf10 f   AdvCmpProc.obj
 0001:0000bf30       ?dupSortListByGroup@@YGHPBX0PAX@Z 1000cf30 f   AdvCmpProc.obj
 0001:0000bf50       ?dupSortListByGroupEx@@YGHPBX0PAX@Z 1000cf50 f   AdvCmpProc.obj
 0001:0000bf90       ?SetBottom@@YIXPAXPAUdupFileList@@PAUdupFile@@@Z 1000cf90 f   AdvCmpProc.obj
 0001:0000c140       ?MakeDupFarList@@YI_NPAXPAUdupFileList@@_N2@Z 1000d140 f   AdvCmpProc.obj
 0001:0000c6e0       ?ShowDupDialogProc@@YGHPAXHH0@Z 1000d6e0 f   AdvCmpProc.obj
 0001:0000d1b0       ?ShowDupDialog@AdvCmpProc@@AAEHXZ 1000e1b0 f   AdvCmpProc.obj
 0001:0000d370       ?ScanDir@AdvCmpProc@@AAEHPB_WH@Z 1000e370 f   AdvCmpProc.obj
 0001:0000d680       ?GetCRC@AdvCmpProc@@AAEKPBUdupFile@@@Z 1000e680 f   AdvCmpProc.obj
 0001:0000d910       ?GetSyncSafeInt@@YIIPAE@Z  1000e910 f   AdvCmpProc.obj
 0001:0000d930       ?GetNonSyncSafeInt23@@YIIPAE@Z 1000e930 f   AdvCmpProc.obj
 0001:0000d950       ?ID3_ReadFrameText@@YI_NDPADHPA_WH@Z 1000e950 f   AdvCmpProc.obj
 0001:0000dad0       ?Unsync@@YIPADPADIIPAI@Z   1000ead0 f   AdvCmpProc.obj
 0001:0000db40       ?ID3V23_ReadFrame@@YI_NHPADIPA_WH@Z 1000eb40 f   AdvCmpProc.obj
 0001:0000dbc0       ?GetMp3@AdvCmpProc@@AAEHPAUdupFile@@H@Z 1000ebc0 f   AdvCmpProc.obj
 0001:0000e4f0       ?GetPic@AdvCmpProc@@AAEHPAUdupFile@@H@Z 1000f4f0 f   AdvCmpProc.obj
 0001:0000e910       ?CmpNameEx@@YI_NPB_W0@Z    1000f910 f   AdvCmpProc.obj
 0001:0000eae0       ?Duplicate@AdvCmpProc@@QAEHPBUDirList@@@Z 1000fae0 f   AdvCmpProc.obj
 0001:0000fcf0       ?UpdateImage@@YI_NPAUPicData@@_N@Z 10010cf0 f   AdvCmpProc.obj
 0001:00010080       ?Init@AdvCmpProc@@QAEXXZ   10011080 f   AdvCmpProc.obj
 0001:000101e0       ?GetDirList@AdvCmpProc@@AAEHPB_WH_NPAUDirList@@@Z 100111e0 f   AdvCmpProc.obj
 0001:00010610       ?CompareDirs@AdvCmpProc@@QAE_NPBUDirList@@0_NH@Z 10011610 f   AdvCmpProc.obj
 0001:00010f90       ?CompareFiles@AdvCmpProc@@AAE_NPB_WPBUPluginPanelItem@@01HPAK@Z 10011f90 f   AdvCmpProc.obj
 0001:00012660       ?CompareCurFile@AdvCmpProc@@QAE_NPB_W000H@Z 10013660 f   AdvCmpProc.obj
 0001:00012e70       ?ShowCmpDialogProc@@YGHPAXHH0@Z 10013e70 f   AdvCmpProc.obj
 0001:00014b70       ?ShowCmpDialog@AdvCmpProc@@QAEHPBUDirList@@0@Z 10015b70 f   AdvCmpProc.obj
 0001:00014f36       _wcspbrk                   10015f36 f   MSVCRT:MSVCR100.dll
 0001:00014f3c       _memset                    10015f3c f   MSVCRT:MSVCR100.dll
 0001:00014f42       _memcpy                    10015f42 f   MSVCRT:MSVCR100.dll
 0001:00014f48       _wcschr                    10015f48 f   MSVCRT:MSVCR100.dll
 0001:00014f4e       _memmove                   10015f4e f   MSVCRT:MSVCR100.dll
 0001:00014f60       __aulldiv                  10015f60 f   MSVCRT:ulldiv.obj
 0001:00014fd0       __allmul                   10015fd0 f   MSVCRT:llmul.obj
 0001:00015010       __alloca_probe             10016010     MSVCRT:chkstk.obj
 0001:00015010       __chkstk                   10016010 f   MSVCRT:chkstk.obj
 0001:00015040       __ftol2_sse                10016040 f   MSVCRT:ftol2.obj
 0001:00015049       __ftol2_pentium4           10016049 f   MSVCRT:ftol2.obj
 0001:0001505c       __ftol2_sse_excpt          1001605c f   MSVCRT:ftol2.obj
 0001:00015076       __ftol2                    10016076 f   MSVCRT:ftol2.obj
 0001:00015139       __CRT_INIT@12              10016139 f   MSVCRT:crtdll.obj
 0001:00015459       __DllMainCRTStartup@12     10016459 f   MSVCRT:crtdll.obj
 0001:0001547c       ___sse2_available_init     1001647c f   MSVCRT:cpu_disp.obj
 0001:0001548c       ___clean_type_info_names   1001648c f   MSVCRT:tncleanup.obj
 0001:00015498       __onexit                   10016498 f   MSVCRT:atonexit.obj
 0001:00015539       _atexit                    10016539 f   MSVCRT:atonexit.obj
 0001:00015550       __RTC_Initialize           10016550 f   MSVCRT:_initsect_.obj
 0001:00015576       __RTC_Terminate            10016576 f   MSVCRT:_initsect_.obj
 0001:000155a0       __ValidateImageBase        100165a0 f   MSVCRT:pesect.obj
 0001:000155e0       __FindPESection            100165e0 f   MSVCRT:pesect.obj
 0001:00015630       __IsNonwritableInCurrentImage 10016630 f   MSVCRT:pesect.obj
 0001:000156ec       __initterm                 100166ec f   MSVCRT:MSVCR100.dll
 0001:000156f2       __initterm_e               100166f2 f   MSVCRT:MSVCR100.dll
 0001:000156f8       __amsg_exit                100166f8 f   MSVCRT:MSVCR100.dll
 0001:000156fe       ___CppXcptFilter           100166fe f   MSVCRT:MSVCR100.dll
 0001:00015704       _DllMain@12                10016704 f   MSVCRT:dllmain.obj
 0001:00015730       __SEH_prolog4              10016730 f   MSVCRT:sehprolg4.obj
 0001:00015775       __SEH_epilog4              10016775 f   MSVCRT:sehprolg4.obj
 0001:00015789       __except_handler4          10016789 f   MSVCRT:chandler4gs.obj
 0001:000157ae       ___security_init_cookie    100167ae f   MSVCRT:gs_support.obj
 0001:0001584a       ___clean_type_info_names_internal 1001684a f   MSVCRT:MSVCR100.dll
 0001:00015850       __unlock                   10016850 f   MSVCRT:MSVCR100.dll
 0001:00015856       ___dllonexit               10016856 f   MSVCRT:MSVCR100.dll
 0001:0001585c       __lock                     1001685c f   MSVCRT:MSVCR100.dll
 0001:00015862       @__security_check_cookie@4 10016862 f   MSVCRT:secchk.obj
 0001:00015872       __except_handler4_common   10016872 f   MSVCRT:MSVCR100.dll
 0001:00015878       ___report_gsfailure        10016878 f   MSVCRT:gs_report.obj
 0001:0001597e       __crt_debugger_hook        1001697e f   MSVCRT:MSVCR100.dll
 0001:000159ec       __IMPORT_DESCRIPTOR_KERNEL32 100169ec     kernel32:KERNEL32.dll
 0001:00015a00       __IMPORT_DESCRIPTOR_USER32 10016a00     user32:USER32.dll
 0001:00015a14       __IMPORT_DESCRIPTOR_SHELL32 10016a14     shell32:SHELL32.dll
 0001:00015a28       __IMPORT_DESCRIPTOR_GDI32  10016a28     gdi32:GDI32.dll
 0001:00015a3c       __IMPORT_DESCRIPTOR_MSVCR100 10016a3c     MSVCRT:MSVCR100.dll
 0001:00015a50       __NULL_IMPORT_DESCRIPTOR   10016a50     kernel32:KERNEL32.dll
 0002:00000000       ?hConInp@@3PAXA            10018000     AdvCmp.obj
 0002:00000008       ?StoreOpt@@3PAUParamStore@@A 10018008     AdvCmpDlgOpt.obj
 0002:000002a0       ___native_dllmain_reason   100182a0     MSVCRT:natstart.obj
 0002:000002a4       ___native_vcclrit_reason   100182a4     MSVCRT:natstart.obj
 0002:000002b0       ___security_cookie         100182b0     MSVCRT:gs_cookie.obj
 0002:000002b4       ___security_cookie_complement 100182b4     MSVCRT:gs_cookie.obj
 0002:000002b8       ?RPanel@@3UFarPanelInfo@@A 100182b8     AdvCmp.obj
 0002:00010318       ?Info@@3UPluginStartupInfo@@A 10028318     AdvCmp.obj
 0002:0001039c       ?Cache@@3UCacheCmp@@A      1002839c     AdvCmp.obj
 0002:000103a4       ?bStartMsg@@3_NA           100283a4     AdvCmp.obj
 0002:000103a5       ?bBrokenByEsc@@3_NA        100283a5     AdvCmp.obj
 0002:000103a8       ?LPanel@@3UFarPanelInfo@@A 100283a8     AdvCmp.obj
 0002:00020408       ?CmpInfo@@3UTotalCmpInfo@@A 10038408     AdvCmp.obj
 0002:00020448       ?WinInfo@@3UFarWindowsInfo@@A 10038448     AdvCmp.obj
 0002:00020468       ?FSF@@3UFarStandardFunctions@@A 10038468     AdvCmp.obj
 0002:00020528       ?Opt@@3UOptions@@A         10038528     AdvCmp.obj
 0002:00020640       ?bGflLoaded@@3_NA          10038640     AdvCmp.obj
 0002:00020641       ?bBASSLoaded@@3_NA         10038641     AdvCmp.obj
 0002:00020644       ?GflHandle@@3PAUHINSTANCE__@@A 10038644     AdvCmp.obj
 0002:00020648       ?BASSHandle@@3PAUHINSTANCE__@@A 10038648     AdvCmp.obj
 0002:0002064c       ?pCompareFiles@@3P6GHPA_W0K@ZA 1003864c     AdvCmp.obj
 0002:00020650       ?pGflGetVersion@@3P6GPBDXZA 10038650     AdvCmp.obj
 0002:00020654       ?pGflLibraryInit@@3P6GFXZA 10038654     AdvCmp.obj
 0002:00020658       ?pGflEnableLZW@@3P6GXE@ZA  10038658     AdvCmp.obj
 0002:0002065c       ?pGflLibraryExit@@3P6GXXZA 1003865c     AdvCmp.obj
 0002:00020660       ?pGflLoadBitmapW@@3P6GFPB_WPAPAUGFL_BITMAP@@PBUGFL_LOAD_PARAMS@@PAUGFL_FILE_INFORMATION@@@ZA 10038660     AdvCmp.obj
 0002:00020664       ?pGflGetNumberOfFormat@@3P6GHXZA 10038664     AdvCmp.obj
 0002:00020668       ?pGflGetFormatInformationByIndex@@3P6GFHPAUGFL_FORMAT_INFORMATION@@@ZA 10038668     AdvCmp.obj
 0002:0002066c       ?pGflGetDefaultLoadParams@@3P6GXPAUGFL_LOAD_PARAMS@@@ZA 1003866c     AdvCmp.obj
 0002:00020670       ?pGflChangeColorDepth@@3P6GFPAUGFL_BITMAP@@PAPAU1@GG@ZA 10038670     AdvCmp.obj
 0002:00020674       ?pGflRotate@@3P6GFPAUGFL_BITMAP@@PAPAU1@HPBUGFL_COLOR@@@ZA 10038674     AdvCmp.obj
 0002:00020678       ?pGflResize@@3P6GFPAUGFL_BITMAP@@PAPAU1@HHII@ZA 10038678     AdvCmp.obj
 0002:0002067c       ?pGflFreeBitmap@@3P6GXPAUGFL_BITMAP@@@ZA 1003867c     AdvCmp.obj
 0002:00020680       ?pGflFreeFileInformation@@3P6GXPAUGFL_FILE_INFORMATION@@@ZA 10038680     AdvCmp.obj
 0002:00020684       ?pGflGetColorAt@@3P6GFPBUGFL_BITMAP@@HHPAUGFL_COLOR@@@ZA 10038684     AdvCmp.obj
 0002:00020688       ?pBASS_GetVersion@@3P6GKXZA 10038688     AdvCmp.obj
 0002:0002068c       ?pBASS_SetConfig@@3P6GHKK@ZA 1003868c     AdvCmp.obj
 0002:00020690       ?pBASS_Init@@3P6GHHKKPAUHWND__@@PBU_GUID@@@ZA 10038690     AdvCmp.obj
 0002:00020694       ?pBASS_Free@@3P6GHXZA      10038694     AdvCmp.obj
 0002:00020698       ?pBASS_StreamCreateFile@@3P6GKHPBX_K1K@ZA 10038698     AdvCmp.obj
 0002:0002069c       ?pBASS_StreamFree@@3P6GHK@ZA 1003869c     AdvCmp.obj
 0002:000206a0       ?pBASS_ChannelGetLength@@3P6G_KKK@ZA 100386a0     AdvCmp.obj
 0002:000206a4       ?pBASS_ChannelBytes2Seconds@@3P6GNK_K@ZA 100386a4     AdvCmp.obj
 0002:000206a8       ?pBASS_ChannelGetInfo@@3P6GHKPAUBASS_CHANNELINFO@@@ZA 100386a8     AdvCmp.obj
 0002:000206ac       ?pBASS_ChannelGetTags@@3P6GPBDKK@ZA 100386ac     AdvCmp.obj
 0002:000206b0       ?pBASS_StreamGetFilePosition@@3P6G_KKK@ZA 100386b0     AdvCmp.obj
 0002:000206b4       ?pBASS_GetDeviceInfo@@3P6GHKPAUBASS_DEVICEINFO@@@ZA 100386b4     AdvCmp.obj
 0002:000206b8       ?pBASS_ChannelIsActive@@3P6GKK@ZA 100386b8     AdvCmp.obj
 0002:000206bc       ?pBASS_ChannelGetData@@3P6GKKPAXK@ZA 100386bc     AdvCmp.obj
 0002:00020704       ?bSetBottom@@3_NA          10038704     AdvCmpProc.obj
 0002:00021344       ?__type_info_root_node@@3U__type_info_node@@A 10039344     MSVCRT:tncleanup.obj
 0002:00021674       ___native_startup_state    10039674     <common>
 0002:00021678       ___native_startup_lock     10039678     <common>
 0002:0002167c       ___onexitend               1003967c     <common>
 0002:00021680       ___onexitbegin             10039680     <common>
 0002:00021684       ___sse2_available          10039684     <common>
 0002:00021688       ___dyn_tls_init_callback   10039688     <common>

 entry point at        0001:00015459

 Static symbols

 0001:000150eb       _pre_c_init                100160eb f   MSVCRT:crtdll.obj
 0001:00015343       ___DllMainCRTStartup       10016343 f   MSVCRT:crtdll.obj
