 VisRen

 Timestamp is 557176a1 (Fri Jun 05 16:14:57 2015)

 Preferred load address is 10000000

 Start         Length     Name                   Class
 0001:00000000 000000a0H .idata$5                CODE
 0001:000000a0 00000b9aH .rdata                  CODE
 0001:00000c40 00009a98H .text                   CODE
 0001:0000a6d8 0000003cH .idata$2                CODE
 0001:0000a714 00000014H .idata$3                CODE
 0001:0000a728 000000a0H .idata$4                CODE
 0001:0000a7c8 0000026eH .idata$6                CODE
 0001:0000aa40 000000a2H .edata                  CODE
 0002:00000000 000002e0H .data                   DATA
 0002:000002e0 00000244H .bss                    DATA
 0003:00000000 00000058H .rsrc$01                DATA
 0003:00000060 00000348H .rsrc$02                DATA

  Address         Publics by Value              Rva+Base       Lib:Object

 0000:00000000       ___safe_se_handler_count   00000000     <absolute>
 0000:00000000       ___safe_se_handler_table   00000000     <absolute>
 0001:00000000       __imp__HeapAlloc@12        10001000     kernel32:KERNEL32.dll
 0001:00000004       __imp__GetProcessHeap@0    10001004     kernel32:KERNEL32.dll
 0001:00000008       __imp__HeapFree@12         10001008     kernel32:KERNEL32.dll
 0001:0000000c       __imp__HeapReAlloc@16      1000100c     kernel32:KERNEL32.dll
 0001:00000010       __imp__CloseHandle@4       10001010     kernel32:KERNEL32.dll
 0001:00000014       __imp__GetConsoleScreenBufferInfo@8 10001014     kernel32:KERNEL32.dll
 0001:00000018       __imp__CreateFileW@28      10001018     kernel32:KERNEL32.dll
 0001:0000001c       __imp__lstrcpynW@12        1000101c     kernel32:KERNEL32.dll
 0001:00000020       __imp__CompareStringW@24   10001020     kernel32:KERNEL32.dll
 0001:00000024       __imp__ReadFile@20         10001024     kernel32:KERNEL32.dll
 0001:00000028       __imp__SetFilePointer@16   10001028     kernel32:KERNEL32.dll
 0001:0000002c       __imp__MultiByteToWideChar@24 1000102c     kernel32:KERNEL32.dll
 0001:00000030       __imp__ReadConsoleInputW@16 10001030     kernel32:KERNEL32.dll
 0001:00000034       __imp__PeekConsoleInputW@16 10001034     kernel32:KERNEL32.dll
 0001:00000038       __imp__GetTickCount@0      10001038     kernel32:KERNEL32.dll
 0001:0000003c       __imp__FileTimeToSystemTime@8 1000103c     kernel32:KERNEL32.dll
 0001:00000040       __imp__FileTimeToLocalFileTime@8 10001040     kernel32:KERNEL32.dll
 0001:00000044       __imp__GetLastError@0      10001044     kernel32:KERNEL32.dll
 0001:00000048       __imp__MoveFileW@8         10001048     kernel32:KERNEL32.dll
 0001:0000004c       __imp__SetLastError@4      1000104c     kernel32:KERNEL32.dll
 0001:00000050       __imp__WriteFile@20        10001050     kernel32:KERNEL32.dll
 0001:00000054       __imp__UnmapViewOfFile@4   10001054     kernel32:KERNEL32.dll
 0001:00000058       __imp__MapViewOfFile@20    10001058     kernel32:KERNEL32.dll
 0001:0000005c       __imp__CreateFileMappingW@24 1000105c     kernel32:KERNEL32.dll
 0001:00000060       __imp__DeleteFileW@4       10001060     kernel32:KERNEL32.dll
 0001:00000064       \177KERNEL32_NULL_THUNK_DATA 10001064     kernel32:KERNEL32.dll
 0001:00000068       __imp__wcsrchr             10001068     MSVCRT:MSVCR100.dll
 0001:0000006c       __imp__isspace             1000106c     MSVCRT:MSVCR100.dll
 0001:00000070       __imp__srand               10001070     MSVCRT:MSVCR100.dll
 0001:00000074       __imp__rand                10001074     MSVCRT:MSVCR100.dll
 0001:00000078       __imp___purecall           10001078     MSVCRT:MSVCR100.dll
 0001:0000007c       __imp__memcpy              1000107c     MSVCRT:MSVCR100.dll
 0001:00000080       __imp__memset              10001080     MSVCRT:MSVCR100.dll
 0001:00000084       __imp___time64             10001084     MSVCRT:MSVCR100.dll
 0001:00000088       __imp__strncmp             10001088     MSVCRT:MSVCR100.dll
 0001:0000008c       \177MSVCR100_NULL_THUNK_DATA 1000108c     MSVCRT:MSVCR100.dll
 0001:00000090       __imp__GetFileVersionInfoSizeW@8 10001090     Version:VERSION.dll
 0001:00000094       __imp__GetFileVersionInfoW@16 10001094     Version:VERSION.dll
 0001:00000098       __imp__VerQueryValueW@16   10001098     Version:VERSION.dll
 0001:0000009c       \177VERSION_NULL_THUNK_DATA 1000109c     Version:VERSION.dll
 0001:000000a0       _FarGuid                   100010a0     VisRen.obj
 0001:000000b0       _MainGuid                  100010b0     VisRen.obj
 0001:000000c0       _MenuGuid                  100010c0     VisRen.obj
 0001:000000d0       _DlgGuid                   100010d0     VisRen.obj
 0001:000000e0       _DlgNameGuid               100010e0     VisRen.obj
 0001:000000f0       _ErrorMsgGuid              100010f0     VisRen.obj
 0001:00000100       _YesNoMsgGuid              10001100     VisRen.obj
 0001:00000110       _LoadUndoMsgGuid           10001110     VisRen.obj
 0001:00000120       _LoadFilesMsgGuid          10001120     VisRen.obj
 0001:00000130       _RenameFailMsgGuid         10001130     VisRen.obj
 0001:00000140       _RenMsgGuid                10001140     VisRen.obj
 0001:00000150       _ShowOrgNameMsgGuid        10001150     VisRen.obj
 0001:00000160       _InputBoxGuid              10001160     VisRen.obj
 0001:00000170       ??_7?$DList@UFile@@@@6B@   10001170     VisRen.obj
 0001:00000178       ??_C@_11LOCGONAA@?$AA?$AA@ 10001178     VisRen.obj
 0001:0000017c       ??_C@_1CC@CFNOGFKA@?$AAA?$AAl?$AAe?$AAx?$AAe?$AAy?$AA?5?$AAS?$AAa?$AAm?$AAl?$AAy?$AAu?$AAk?$AAo?$AAv?$AA?$AA@ 1000117c     VisRen.obj
 0001:000001a0       ??_C@_1GE@BPMFLPED@?$AAV?$AAi?$AAs?$AAu?$AAa?$AAl?$AA?5?$AAr?$AAe?$AAn?$AAa?$AAm?$AAi?$AAn?$AAg?$AA?5?$AAf?$AAi?$AAl?$AAe?$AAs?$AA?5?$AAp?$AAl?$AAu?$AAg?$AAi?$AAn?$AA?5?$AAf?$AAo?$AAr@ 100011a0     VisRen.obj
 0001:00000204       ??_C@_1O@MNMLIEHD@?$AAV?$AAi?$AAs?$AAR?$AAe?$AAn?$AA?$AA@ 10001204     VisRen.obj
 0001:00000214       ??_7CDList@@6B@            10001214     DList.obj
 0001:0000021c       ??_C@_1BA@BALFACEM@?$AAC?$AAO?$AAN?$AAO?$AAU?$AAT?$AA$?$AA?$AA@ 1000121c     VisRenDlg.obj
 0001:0000022c       ??_C@_1BA@GKGHMKOF@?$AA?$FL?$AAE?$AA1?$AA?9?$AA?$CF?$AAd?$AA?$FN?$AA?$AA@ 1000122c     VisRenDlg.obj
 0001:0000023c       ??_C@_17PEGDIDKG@?$AA?$FL?$AAE?$AA?$FN?$AA?$AA@ 1000123c     VisRenDlg.obj
 0001:00000244       ??_C@_17HBCBPDJD@?$AA?$FL?$AAV?$AA?$FN?$AA?$AA@ 10001244     VisRenDlg.obj
 0001:0000024c       ??_C@_17OKLALBIF@?$AA?$FL?$AAR?$AA?$FN?$AA?$AA@ 1000124c     VisRenDlg.obj
 0001:00000254       ??_C@_19PEMMGJIJ@?$AA?$FL?$AAT?$AAR?$AA?$FN?$AA?$AA@ 10001254     VisRenDlg.obj
 0001:00000260       ??_C@_19MNBAAKGC@?$AA?$FL?$AAT?$AAL?$AA?$FN?$AA?$AA@ 10001260     VisRenDlg.obj
 0001:0000026c       ??_C@_19GEMNJMH@?$AA?$FL?$AAT?$AAM?$AA?$FN?$AA?$AA@ 1000126c     VisRenDlg.obj
 0001:00000278       ??_C@_19HKPHOIOM@?$AA?$FL?$AAD?$AAM?$AA?$FN?$AA?$AA@ 10001278     VisRenDlg.obj
 0001:00000284       ??_C@_17ONBMLELD@?$AA?$FL?$AAr?$AA?$FN?$AA?$AA@ 10001284     VisRenDlg.obj
 0001:0000028c       ??_C@_17DIJDFFDF@?$AA?$FL?$AAd?$AA?$FN?$AA?$AA@ 1000128c     VisRenDlg.obj
 0001:00000294       ??_C@_17BPJMAEPN@?$AA?$FL?$AAm?$AA?$FN?$AA?$AA@ 10001294     VisRenDlg.obj
 0001:0000029c       ??_C@_17CFJGGFIN@?$AA?$FL?$AAc?$AA?$FN?$AA?$AA@ 1000129c     VisRenDlg.obj
 0001:000002a4       ??_C@_17LOAHCHJL@?$AA?$FL?$AAg?$AA?$FN?$AA?$AA@ 100012a4     VisRenDlg.obj
 0001:000002ac       ??_C@_17IHNLEEHA@?$AA?$FL?$AAy?$AA?$FN?$AA?$AA@ 100012ac     VisRenDlg.obj
 0001:000002b4       ??_C@_17NEMANHFI@?$AA?$FL?$AAl?$AA?$FN?$AA?$AA@ 100012b4     VisRenDlg.obj
 0001:000002bc       ??_C@_17GIFOMEIG@?$AA?$FL?$AAa?$AA?$FN?$AA?$AA@ 100012bc     VisRenDlg.obj
 0001:000002c4       ??_C@_17DLEFFHKO@?$AA?$FL?$AAt?$AA?$FN?$AA?$AA@ 100012c4     VisRenDlg.obj
 0001:000002cc       ??_C@_17CKMOGPOB@?$AA?$FL?$AA?$CD?$AA?$FN?$AA?$AA@ 100012cc     VisRenDlg.obj
 0001:000002d4       ??_C@_17BIDAABML@?$AA?$FL?$AAM?$AA?$FN?$AA?$AA@ 100012d4     VisRenDlg.obj
 0001:000002dc       ??_C@_17DMOJFCJI@?$AA?$FL?$AAT?$AA?$FN?$AA?$AA@ 100012dc     VisRenDlg.obj
 0001:000002e4       ??_C@_17HCPHPBAI@?$AA?$FL?$AAF?$AA?$FN?$AA?$AA@ 100012e4     VisRenDlg.obj
 0001:000002ec       ??_C@_17PHLFIBDN@?$AA?$FL?$AAU?$AA?$FN?$AA?$AA@ 100012ec     VisRenDlg.obj
 0001:000002f4       ??_C@_17NDGMNCGO@?$AA?$FL?$AAL?$AA?$FN?$AA?$AA@ 100012f4     VisRenDlg.obj
 0001:000002fc       ??_C@_1O@NEOGIHDJ@?$AA?$FL?$AAC?$AA1?$AA?$CL?$AA1?$AA?$FN?$AA?$AA@ 100012fc     VisRenDlg.obj
 0001:0000030c       ??_C@_1BA@CFFPPBAI@?$AA?$FL?$AAN?$AA1?$AA?9?$AA?$CF?$AAd?$AA?$FN?$AA?$AA@ 1000130c     VisRenDlg.obj
 0001:0000031c       ??_C@_17JOKEHDGF@?$AA?$FL?$AAN?$AA?$FN?$AA?$AA@ 1000131c     VisRenDlg.obj
 0001:00000324       ??_C@_1BO@MOFHFPFO@?$AA?$CF?$AA?9?$AA?$CK?$AA?4?$AA?$CK?$AAs?$AA?$CF?$AAc?$AA?$CF?$AA?9?$AA?$CK?$AA?4?$AA?$CK?$AAs?$AA?$AA@ 10001324     VisRenDlg.obj
 0001:00000344       ??_C@_1BC@ENICKDH@?$AAC?$AAo?$AAn?$AAt?$AAe?$AAn?$AAt?$AAs?$AA?$AA@ 10001344     VisRenDlg.obj
 0001:00000358       ??_C@_1BM@IODKBJBM@?$AAV?$AAi?$AAs?$AAR?$AAe?$AAn?$AAW?$AAo?$AAr?$AAd?$AAD?$AAi?$AAv?$AA?$AA@ 10001358     VisRenDlg.obj
 0001:00000374       ??_C@_15EIDINHDC@?$AA?$CK?$AA?5?$AA?$AA@ 10001374     VisRenDlg.obj
 0001:0000037c       ??_C@_13HOIJIPNN@?$AA?5?$AA?$AA@ 1000137c     VisRenDlg.obj
 0001:00000380       ??_C@_17EEHDJIIP@?$AA?$FL?$AA?$BI?$AA?$FN?$AA?$AA@ 10001380     VisRenDlg.obj
 0001:00000388       ??_C@_17OFOILLOJ@?$AA?$FL?$AA?$BC?$AA?$FN?$AA?$AA@ 10001388     VisRenDlg.obj
 0001:00000390       ??_C@_1BA@CAKIGJMA@?$AAW?$AAo?$AAr?$AAd?$AAD?$AAi?$AAv?$AA?$AA@ 10001390     VisRenDlg.obj
 0001:000003a0       ??_C@_1M@NCNHPIHD@?$AA?9?$AA?4?$AA?5?$AA_?$AA?$CG?$AA?$AA@ 100013a0     VisRenDlg.obj
 0001:000003ac       ??_C@_1BM@ILBJHHNP@?$AAV?$AAi?$AAs?$AAR?$AAe?$AAn?$AAR?$AAe?$AAp?$AAl?$AAa?$AAc?$AAe?$AA?$AA@ 100013ac     VisRenDlg.obj
 0001:000003c8       ??_C@_1BK@BGACKKLF@?$AAV?$AAi?$AAs?$AAR?$AAe?$AAn?$AAS?$AAe?$AAa?$AAr?$AAc?$AAh?$AA?$AA@ 100013c8     VisRenDlg.obj
 0001:000003e4       ??_C@_1BM@JDLCMGOH@?$AAV?$AAi?$AAs?$AAR?$AAe?$AAn?$AAM?$AAa?$AAs?$AAk?$AAE?$AAx?$AAt?$AA?$AA@ 100013e4     VisRenDlg.obj
 0001:00000400       ??_C@_1BO@NAANBEIJ@?$AAV?$AAi?$AAs?$AAR?$AAe?$AAn?$AAM?$AAa?$AAs?$AAk?$AAN?$AAa?$AAm?$AAe?$AA?$AA@ 10001400     VisRenDlg.obj
 0001:00000420       ??_C@_08EMFANMN@Synthpop?$AA@ 10001420     VisRenFile.obj
 0001:0000042c       ??_C@_04IMCHLCED@JPop?$AA@ 1000142c     VisRenFile.obj
 0001:00000434       ??_C@_05LCJADBKB@Anime?$AA@ 10001434     VisRenFile.obj
 0001:0000043c       ??_C@_0N@MAEFEGK@Thrash?5Metal?$AA@ 1000143c     VisRenFile.obj
 0001:0000044c       ??_C@_05DLNELOKM@Salsa?$AA@ 1000144c     VisRenFile.obj
 0001:00000454       ??_C@_08EHKNMNPK@Merengue?$AA@ 10001454     VisRenFile.obj
 0001:00000460       ??_C@_0P@GGLFOLPK@Christian?5Rock?$AA@ 10001460     VisRenFile.obj
 0001:00000470       ??_C@_0BH@IOJICMPF@Contemporary?5Christian?$AA@ 10001470     VisRenFile.obj
 0001:00000488       ??_C@_09OIHDMKNE@Crossover?$AA@ 10001488     VisRenFile.obj
 0001:00000494       ??_C@_0M@JNFPBAKG@Black?5Metal?$AA@ 10001494     VisRenFile.obj
 0001:000004a0       ??_C@_0M@NEOMPHCK@Heavy?5Metal?$AA@ 100014a0     VisRenFile.obj
 0001:000004ac       ??_C@_0BG@JAFPOGFL@Christian?5Gangsta?5Rap?$AA@ 100014ac     VisRenFile.obj
 0001:000004c4       ??_C@_04BFFABJBP@Beat?$AA@ 100014c4     VisRenFile.obj
 0001:000004cc       ??_C@_0L@HKANPOAD@Polsk?5Punk?$AA@ 100014cc     VisRenFile.obj
 0001:000004d8       ??_C@_09KOMLOGHM@Negerpunk?$AA@ 100014d8     VisRenFile.obj
 0001:000004e4       ??_C@_07OICMGNA@BritPop?$AA@ 100014e4     VisRenFile.obj
 0001:000004ec       ??_C@_05KLKAMDMN@Indie?$AA@ 100014ec     VisRenFile.obj
 0001:000004f4       ??_C@_06PBJGDPBN@Terror?$AA@ 100014f4     VisRenFile.obj
 0001:000004fc       ??_C@_08HKEHKPDB@Hardcore?$AA@ 100014fc     VisRenFile.obj
 0001:00000508       ??_C@_0L@HMCMNNNL@Club?9House?$AA@ 10001508     VisRenFile.obj
 0001:00000514       ??_C@_0M@NPGHKLH@Drum?5?$CG?5Bass?$AA@ 10001514     VisRenFile.obj
 0001:00000520       ??_C@_03OHBFJGJM@Goa?$AA@  10001520     VisRenFile.obj
 0001:00000524       ??_C@_0L@LLLHEFCL@Dance?5Hall?$AA@ 10001524     VisRenFile.obj
 0001:00000530       ??_C@_0L@LAEGMFKC@Euro?9House?$AA@ 10001530     VisRenFile.obj
 0001:0000053c       ??_C@_0L@MNPOBBMF@A?5Cappella?$AA@ 1000153c     VisRenFile.obj
 0001:00000548       ??_C@_09ODFCHLIF@Drum?5Solo?$AA@ 10001548     VisRenFile.obj
 0001:00000554       ??_C@_09LJCHIEBA@Punk?5Rock?$AA@ 10001554     VisRenFile.obj
 0001:00000560       ??_C@_04MNAABDPM@Duet?$AA@ 10001560     VisRenFile.obj
 0001:00000568       ??_C@_09NOJFLNHA@Freestyle?$AA@ 10001568     VisRenFile.obj
 0001:00000574       ??_C@_0O@NBAHAMNI@Rhythmic?5Soul?$AA@ 10001574     VisRenFile.obj
 0001:00000584       ??_C@_0N@BBLJBJNI@Power?5Ballad?$AA@ 10001584     VisRenFile.obj
 0001:00000594       ??_C@_06BHBJEFGN@Ballad?$AA@ 10001594     VisRenFile.obj
 0001:0000059c       ??_C@_08ODOIKEAG@Folklore?$AA@ 1000159c     VisRenFile.obj
 0001:000005a8       ??_C@_05JOIMBAIO@Samba?$AA@ 100015a8     VisRenFile.obj
 0001:000005b0       ??_C@_05JHEGALN@Tango?$AA@ 100015b0     VisRenFile.obj
 0001:000005b8       ??_C@_04FCIPMBFO@Club?$AA@ 100015b8     VisRenFile.obj
 0001:000005c0       ??_C@_08BCJKABMD@Slow?5Jam?$AA@ 100015c0     VisRenFile.obj
 0001:000005cc       ??_C@_06LGIFNCAO@Satire?$AA@ 100015cc     VisRenFile.obj
 0001:000005d4       ??_C@_0M@BDIBAHFD@Porn?5Groove?$AA@ 100015d4     VisRenFile.obj
 0001:000005e0       ??_C@_06MOKNPJA@Primus?$AA@ 100015e0     VisRenFile.obj
 0001:000005e8       ??_C@_0L@BMCAJHGC@Booty?5Bass?$AA@ 100015e8     VisRenFile.obj
 0001:000005f4       ??_C@_08HGMGMDPB@Symphony?$AA@ 100015f4     VisRenFile.obj
 0001:00000600       ??_C@_06DIKKNAE@Sonata?$AA@ 10001600     VisRenFile.obj
 0001:00000608       ??_C@_0O@HPFNKIBK@Chamber?5Music?$AA@ 10001608     VisRenFile.obj
 0001:00000618       ??_C@_05GOIKOHMD@Opera?$AA@ 10001618     VisRenFile.obj
 0001:00000620       ??_C@_07KBEDDHIP@Chanson?$AA@ 10001620     VisRenFile.obj
 0001:00000628       ??_C@_06MBBDLFLA@Speech?$AA@ 10001628     VisRenFile.obj
 0001:00000630       ??_C@_06DEMGCIL@Humour?$AA@ 10001630     VisRenFile.obj
 0001:00000638       ??_C@_08PLJDJOCM@Acoustic?$AA@ 10001638     VisRenFile.obj
 0001:00000644       ??_C@_0P@OGJNDFNF@Easy?5Listening?$AA@ 10001644     VisRenFile.obj
 0001:00000654       ??_C@_06HPKLMKFH@Chorus?$AA@ 10001654     VisRenFile.obj
 0001:0000065c       ??_C@_08INPKNPNL@Big?5Band?$AA@ 1000165c     VisRenFile.obj
 0001:00000668       ??_C@_09DOKHDNBN@Slow?5Rock?$AA@ 10001668     VisRenFile.obj
 0001:00000674       ??_C@_0P@FPGGCDAB@Symphonic?5Rock?$AA@ 10001674     VisRenFile.obj
 0001:00000684       ??_C@_0BB@BMPGIMDB@Psychedelic?5Rock?$AA@ 10001684     VisRenFile.obj
 0001:00000698       ??_C@_0BB@GCFDGKOP@Progressive?5Rock?$AA@ 10001698     VisRenFile.obj
 0001:000006ac       ??_C@_0M@IELMFHHK@Gothic?5Rock?$AA@ 100016ac     VisRenFile.obj
 0001:000006b8       ??_C@_0L@MJHGFLKD@Avantgarde?$AA@ 100016b8     VisRenFile.obj
 0001:000006c4       ??_C@_09EGIPCOAF@Bluegrass?$AA@ 100016c4     VisRenFile.obj
 0001:000006d0       ??_C@_06POAALEMA@Celtic?$AA@ 100016d0     VisRenFile.obj
 0001:000006d8       ??_C@_07NDAADGHD@Revival?$AA@ 100016d8     VisRenFile.obj
 0001:000006e0       ??_C@_05MKNAELPL@Latin?$AA@ 100016e0     VisRenFile.obj
 0001:000006e8       ??_C@_05NIBALHLG@Bebob?$AA@ 100016e8     VisRenFile.obj
 0001:000006f0       ??_C@_0M@CEPBINCO@Fast?9Fusion?$AA@ 100016f0     VisRenFile.obj
 0001:000006fc       ??_C@_05KBAOLLBJ@Swing?$AA@ 100016fc     VisRenFile.obj
 0001:00000704       ??_C@_0O@OLFCHJHJ@National?5Folk?$AA@ 10001704     VisRenFile.obj
 0001:00000714       ??_C@_09FEMCKJPD@Folk?9Rock?$AA@ 10001714     VisRenFile.obj
 0001:00000720       ??_C@_04EKOPMCHG@Folk?$AA@ 10001720     VisRenFile.obj
 0001:00000728       ??_C@_09KBCOACPM@Hard?5Rock?$AA@ 10001728     VisRenFile.obj
 0001:00000734       ??_C@_0M@IIAEDJCA@Rock?5?$CG?5Roll?$AA@ 10001734     VisRenFile.obj
 0001:00000740       ??_C@_07CGEPLPCE@Musical?$AA@ 10001740     VisRenFile.obj
 0001:00000748       ??_C@_05POEPDAA@Retro?$AA@ 10001748     VisRenFile.obj
 0001:00000750       ??_C@_05BAEFIAKL@Polka?$AA@ 10001750     VisRenFile.obj
 0001:00000758       ??_C@_09KCHNDMFC@Acid?5Jazz?$AA@ 10001758     VisRenFile.obj
 0001:00000764       ??_C@_09BPKAFLAF@Acid?5Punk?$AA@ 10001764     VisRenFile.obj
 0001:00000770       ??_C@_06HGLDOOOH@Tribal?$AA@ 10001770     VisRenFile.obj
 0001:00000778       ??_C@_05LPLFCCKI@Lo?9Fi?$AA@ 10001778     VisRenFile.obj
 0001:00000780       ??_C@_07EFCJIPGP@Trailer?$AA@ 10001780     VisRenFile.obj
 0001:00000788       ??_C@_09LJJPFGGK@Showtunes?$AA@ 10001788     VisRenFile.obj
 0001:00000794       ??_C@_04LAGCIPCP@Rave?$AA@ 10001794     VisRenFile.obj
 0001:0000079c       ??_C@_0M@NADCKJBA@Psychedelic?$AA@ 1000179c     VisRenFile.obj
 0001:000007a8       ??_C@_08PIJBHODF@New?5Wave?$AA@ 100017a8     VisRenFile.obj
 0001:000007b4       ??_C@_07DFBJIPEL@Cabaret?$AA@ 100017b4     VisRenFile.obj
 0001:000007bc       ??_C@_0BA@CLMIBMOP@Native?5American?$AA@ 100017bc     VisRenFile.obj
 0001:000007cc       ??_C@_06LDDNPE@Jungle?$AA@ 100017cc     VisRenFile.obj
 0001:000007d4       ??_C@_08HKCHHHPC@Pop?9Funk?$AA@ 100017d4     VisRenFile.obj
 0001:000007e0       ??_C@_0O@CMBOEJC@Christian?5Rap?$AA@ 100017e0     VisRenFile.obj
 0001:000007f0       ??_C@_06OJGPGEOE@Top?540?$AA@ 100017f0     VisRenFile.obj
 0001:000007f8       ??_C@_0M@JJBIHIMB@Gangsta?5Rap?$AA@ 100017f8     VisRenFile.obj
 0001:00000804       ??_C@_04HAPBPEGD@Cult?$AA@ 10001804     VisRenFile.obj
 0001:0000080c       ??_C@_06DCKLOHGE@Comedy?$AA@ 1000180c     VisRenFile.obj
 0001:00000814       ??_C@_0O@KFCFCIGH@Southern?5Rock?$AA@ 10001814     VisRenFile.obj
 0001:00000824       ??_C@_05MMFIBGEF@Dream?$AA@ 10001824     VisRenFile.obj
 0001:0000082c       ??_C@_09PDIMAOAM@Eurodance?$AA@ 1000182c     VisRenFile.obj
 0001:00000838       ??_C@_08EGAHBEGH@Pop?9Folk?$AA@ 10001838     VisRenFile.obj
 0001:00000844       ??_C@_0L@CHKMIMGG@Electronic?$AA@ 10001844     VisRenFile.obj
 0001:00000850       ??_C@_0BC@HKAKJIIF@Techno?9Industrial?$AA@ 10001850     VisRenFile.obj
 0001:00000864       ??_C@_08BPJDAAFN@Darkwave?$AA@ 10001864     VisRenFile.obj
 0001:00000870       ??_C@_06OBILIHNB@Gothic?$AA@ 10001870     VisRenFile.obj
 0001:00000878       ??_C@_06JPHOEBPP@Ethnic?$AA@ 10001878     VisRenFile.obj
 0001:00000880       ??_C@_0BC@HBBFDJBD@Instrumental?5Rock?$AA@ 10001880     VisRenFile.obj
 0001:00000894       ??_C@_0BB@LFDKKLIN@Instrumental?5Pop?$AA@ 10001894     VisRenFile.obj
 0001:000008a8       ??_C@_0L@KJEEODLG@Meditative?$AA@ 100018a8     VisRenFile.obj
 0001:000008b4       ??_C@_05OMHELODH@Space?$AA@ 100018b4     VisRenFile.obj
 0001:000008bc       ??_C@_04JJGPMDMB@Punk?$AA@ 100018bc     VisRenFile.obj
 0001:000008c4       ??_C@_04LOFJNELM@Soul?$AA@ 100018c4     VisRenFile.obj
 0001:000008cc       ??_C@_04MKNBGPJB@Bass?$AA@ 100018cc     VisRenFile.obj
 0001:000008d4       ??_C@_08KFNOAEAE@Alt?5Rock?$AA@ 100018d4     VisRenFile.obj
 0001:000008e0       ??_C@_05GIBOCELO@Noise?$AA@ 100018e0     VisRenFile.obj
 0001:000008e8       ??_C@_06EIIEMBBK@Gospel?$AA@ 100018e8     VisRenFile.obj
 0001:000008f0       ??_C@_0L@FEFCBAGD@Sound?5Clip?$AA@ 100018f0     VisRenFile.obj
 0001:000008fc       ??_C@_04IBBNLEM@Game?$AA@  100018fc     VisRenFile.obj
 0001:00000904       ??_C@_05KEIICPIE@House?$AA@ 10001904     VisRenFile.obj
 0001:0000090c       ??_C@_04DDEKHPPK@Acid?$AA@ 1000190c     VisRenFile.obj
 0001:00000914       ??_C@_0N@FJCNDAAI@Instrumental?$AA@ 10001914     VisRenFile.obj
 0001:00000924       ??_C@_09KCDEIEAL@Classical?$AA@ 10001924     VisRenFile.obj
 0001:00000930       ??_C@_06NOFDHFLJ@Trance?$AA@ 10001930     VisRenFile.obj
 0001:00000938       ??_C@_06FOAOBEBC@Fusion?$AA@ 10001938     VisRenFile.obj
 0001:00000940       ??_C@_0M@FGGHLBCE@Jazz?5?$CG?5Funk?$AA@ 10001940     VisRenFile.obj
 0001:0000094c       ??_C@_05CGEGIIHL@Vocal?$AA@ 1000194c     VisRenFile.obj
 0001:00000954       ??_C@_08MGHEAHLN@Trip?9Hop?$AA@ 10001954     VisRenFile.obj
 0001:00000960       ??_C@_07EBHHCJEE@Ambient?$AA@ 10001960     VisRenFile.obj
 0001:00000968       ??_C@_0M@LPAFHLOI@Euro?9Techno?$AA@ 10001968     VisRenFile.obj
 0001:00000974       ??_C@_0L@JMHFNCF@Soundtrack?$AA@ 10001974     VisRenFile.obj
 0001:00000980       ??_C@_06DIJHLFMF@Pranks?$AA@ 10001980     VisRenFile.obj
 0001:00000988       ??_C@_0M@EPABKDJI@Death?5Metal?$AA@ 10001988     VisRenFile.obj
 0001:00000994       ??_C@_03DPGHPOII@Ska?$AA@  10001994     VisRenFile.obj
 0001:00000998       ??_C@_0M@GIKKCPNF@Alternative?$AA@ 10001998     VisRenFile.obj
 0001:000009a4       ??_C@_0L@BLDOBJBN@Industrial?$AA@ 100019a4     VisRenFile.obj
 0001:000009b0       ??_C@_06GNBMDAPP@Techno?$AA@ 100019b0     VisRenFile.obj
 0001:000009b8       ??_C@_04NENDLEAJ@Rock?$AA@ 100019b8     VisRenFile.obj
 0001:000009c0       ??_C@_06FCJMBMOE@Reggae?$AA@ 100019c0     VisRenFile.obj
 0001:000009c8       ??_C@_03NJJFDPCL@Rap?$AA@  100019c8     VisRenFile.obj
 0001:000009cc       ??_C@_03EBDAPABP@R?$CGB?$AA@ 100019cc     VisRenFile.obj
 0001:000009d0       ??_C@_03HJACNKKK@Pop?$AA@  100019d0     VisRenFile.obj
 0001:000009d4       ??_C@_05BBOGGNLJ@Other?$AA@ 100019d4     VisRenFile.obj
 0001:000009dc       ??_C@_06MPHEKAMK@Oldies?$AA@ 100019dc     VisRenFile.obj
 0001:000009e4       ??_C@_07NOBIPMGJ@New?5Age?$AA@ 100019e4     VisRenFile.obj
 0001:000009ec       ??_C@_05MICJANKE@Metal?$AA@ 100019ec     VisRenFile.obj
 0001:000009f4       ??_C@_04CELCKEJG@Jazz?$AA@ 100019f4     VisRenFile.obj
 0001:000009fc       ??_C@_07HOOMJDLF@Hip?9Hop?$AA@ 100019fc     VisRenFile.obj
 0001:00000a04       ??_C@_06BKAMGKHE@Grunge?$AA@ 10001a04     VisRenFile.obj
 0001:00000a0c       ??_C@_04HGMPKBOD@Funk?$AA@ 10001a0c     VisRenFile.obj
 0001:00000a14       ??_C@_05JPKIAOHJ@Disco?$AA@ 10001a14     VisRenFile.obj
 0001:00000a1c       ??_C@_05PHEECCHA@Dance?$AA@ 10001a1c     VisRenFile.obj
 0001:00000a24       ??_C@_07HAAJMFIA@Country?$AA@ 10001a24     VisRenFile.obj
 0001:00000a2c       ??_C@_0N@HMGLJNH@Classic?5Rock?$AA@ 10001a2c     VisRenFile.obj
 0001:00000a3c       ??_C@_05EGIABMCH@Blues?$AA@ 10001a3c     VisRenFile.obj
 0001:00000a74       ??_C@_03FELEIGCD@TAG?$AA@  10001a74     VisRenFile.obj
 0001:00000a78       ??_C@_03LLFPHHHI@ID3?$AA@  10001a78     VisRenFile.obj
 0001:00000a7c       ??_C@_1BI@FCMLLAGN@?$AA?$CF?$AAd?$AA?4?$AA?$CF?$AAd?$AA?4?$AA?$CF?$AAd?$AA?4?$AA?$CF?$AAd?$AA?$AA@ 10001a7c     VisRenFile.obj
 0001:00000a94       ??_C@_13FPGAJAPJ@?$AA?2?$AA?$AA@ 10001a94     VisRenFile.obj
 0001:00000a98       ??_C@_1BO@PDDPFOKA@?$AA?$CF?$AA0?$AA2?$AAd?$AA?9?$AA?$CF?$AA0?$AA2?$AAd?$AA?9?$AA?$CF?$AA0?$AA2?$AAd?$AA?$AA@ 10001a98     VisRenFile.obj
 0001:00000ab8       ??_C@_1BO@ICAHPMKB@?$AA?$CF?$AA0?$AA4?$AAd?$AA?4?$AA?$CF?$AA0?$AA2?$AAd?$AA?4?$AA?$CF?$AA0?$AA2?$AAd?$AA?$AA@ 10001ab8     VisRenFile.obj
 0001:00000ad8       ??_C@_1M@EACEEPIG@?$AA?$CF?$AAd?$AAx?$AA?$CF?$AAd?$AA?$AA@ 10001ad8     VisRenFile.obj
 0001:00000ae4       ??_C@_1DM@KPCDNFFI@?$AA?$CF?$AA0?$AA4?$AAd?$AA?4?$AA?$CF?$AA0?$AA2?$AAd?$AA?4?$AA?$CF?$AA0?$AA2?$AAd?$AA?5?$AA?$CF?$AA0?$AA2?$AAd?$AA?9?$AA?$CF?$AA0?$AA2?$AAd?$AA?9?$AA?$CF?$AA0?$AA2?$AAd?$AA?$AA@ 10001ae4     VisRenFile.obj
 0001:00000b20       ??_C@_19CCLPEKGE@?$AA?$CF?$AA0?$AA?$CK?$AAd?$AA?$AA@ 10001b20     VisRenFile.obj
 0001:00000b2c       ??_C@_15KBNFFBLL@?$AA?$FL?$AAC?$AA?$AA@ 10001b2c     VisRenFile.obj
 0001:00000b34       ??_C@_15IELOAOGH@?$AA?$FL?$AAE?$AA?$AA@ 10001b34     VisRenFile.obj
 0001:00000b3c       ??_C@_15FDLPIJGG@?$AA?$FL?$AAN?$AA?$AA@ 10001b3c     VisRenFile.obj
 0001:00000b44       ??_C@_17BLOGADFA@?$AA?$FL?$AA?$FN?$AA?$FN?$AA?$AA@ 10001b44     VisRenFile.obj
 0001:00000b4c       ??_C@_17MNLPOAEN@?$AA?$FL?$AA?$FL?$AA?$FN?$AA?$AA@ 10001b4c     VisRenFile.obj
 0001:00000b54       ??_C@_1M@BPOHAJGK@?$AA?$CK?$AA?4?$AAp?$AAn?$AAg?$AA?$AA@ 10001b54     VisRenFile.obj
 0001:00000b60       ??_C@_1M@MMCAGGIF@?$AA?$CK?$AA?4?$AAg?$AAi?$AAf?$AA?$AA@ 10001b60     VisRenFile.obj
 0001:00000b6c       ??_C@_1M@GKCDCCLE@?$AA?$CK?$AA?4?$AAb?$AAm?$AAp?$AA?$AA@ 10001b6c     VisRenFile.obj
 0001:00000b78       ??_C@_1M@MLEAEHGC@?$AA?$CK?$AA?4?$AAj?$AAp?$AAg?$AA?$AA@ 10001b78     VisRenFile.obj
 0001:00000b84       ??_C@_1M@IFOKNGIO@?$AA?$CK?$AA?4?$AAm?$AAp?$AA3?$AA?$AA@ 10001b84     VisRenFile.obj
 0001:00000b90       ??_C@_13JIJFJIGK@?$AAi?$AA?$AA@ 10001b90     VisRenFile.obj
 0001:00000b94       ??_C@_13CGOKJPIL@?$AA?1?$AA?$AA@ 10001b94     VisRenFile.obj
 0001:00000b98       ??_C@_15DOMPPMEE@?$AAc?$AAh?$AA?$AA@ 10001b98     VisRenFile.obj
 0001:00000ba0       ??_C@_15OIJGBPFJ@?$AAe?$AAh?$AA?$AA@ 10001ba0     VisRenFile.obj
 0001:00000ba8       ??_C@_15GEMIOCAG@?$AAj?$AAa?$AA?$AA@ 10001ba8     VisRenFile.obj
 0001:00000bb0       ??_C@_15IEBHJFDF@?$AAj?$AAo?$AA?$AA@ 10001bb0     VisRenFile.obj
 0001:00000bb8       ??_C@_15LLLDCCMO@?$AAj?$AAu?$AA?$AA@ 10001bb8     VisRenFile.obj
 0001:00000bc0       ??_C@_15NCJMHOCJ@?$AAk?$AAh?$AA?$AA@ 10001bc0     VisRenFile.obj
 0001:00000bc8       ??_C@_15DNBJPONP@?$AAs?$AAh?$AA?$AA@ 10001bc8     VisRenFile.obj
 0001:00000bd0       ??_C@_17KCDHOEDO@?$AAs?$AAh?$AAh?$AA?$AA@ 10001bd0     VisRenFile.obj
 0001:00000bd8       ??_C@_15BKBGKPBH@?$AAz?$AAh?$AA?$AA@ 10001bd8     VisRenFile.obj
 0001:00000be0       ??_C@_17DOIHMIOA@?$AA_?$AA?9?$AA_?$AA?$AA@ 10001be0     VisRenFile.obj
 0001:00000be8       ??_C@_17HIKLPLBG@?$AA?5?$AA?9?$AA?5?$AA?$AA@ 10001be8     VisRenFile.obj
 0001:00000bf0       ??_C@_17FPIFMLJN@?$AAE?$AAs?$AAc?$AA?$AA@ 10001bf0     VisRenFile.obj
 0001:00000bf8       ??_C@_1O@PNMIMBDD@?$AAC?$AAO?$AAN?$AAI?$AAN?$AA$?$AA?$AA@ 10001bf8     VisRenFile.obj
 0001:00000c08       ??_C@_1M@NOFCGGEJ@?$AA?$CC?$AA?$CF?$AAs?$AA?$CC?$AA?6?$AA?$AA@ 10001c08     VisRenFile.obj
 0001:00000c14       ??_C@_1BK@COOBCCDO@?$AA?$CC?$AA?$CF?$AAs?$AA?$CC?$AA?$CF?$AA?$CK?$AAc?$AA?$CC?$AA?$CF?$AAs?$AA?$CC?$AA?6?$AA?$AA@ 10001c14     VisRenFile.obj
 0001:00000c30       ??_C@_19BLBCAKAM@?$AAF?$AAR?$AAe?$AAn?$AA?$AA@ 10001c30     VisRenFile.obj
 0001:00000c40       ??0File@@QAE@XZ            10001c40 f i VisRen.obj
 0001:00000c70       ??4File@@QAEABU0@ABU0@@Z   10001c70 f i VisRen.obj
 0001:00000cb0       ?FreeUndo@@YIXXZ           10001cb0 f   VisRen.obj
 0001:00000d50       ?GetMsg@@YIPB_WH@Z         10001d50 f   VisRen.obj
 0001:00000d60       ?ErrorMsg@@YIXKK@Z         10001d60 f   VisRen.obj
 0001:00000dc0       ?YesNoMsg@@YI_NKK@Z        10001dc0 f   VisRen.obj
 0001:00000e20       ?GetFarSetting@@YI_JW4FARSETTINGS_SUBFOLDERS@@PB_W@Z 10001e20 f   VisRen.obj
 0001:00000ee0       _GetGlobalInfoW@4          10001ee0 f   VisRen.obj
 0001:00000f60       _SetStartupInfoW@4         10001f60 f   VisRen.obj
 0001:00000fb0       _GetPluginInfoW@4          10001fb0 f   VisRen.obj
 0001:00000ff0       _ExitFARW@4                10001ff0 f   VisRen.obj
 0001:00001000       ??0TNode@?$DList@UFile@@@@QAE@PAUFile@@@Z 10002000 f i VisRen.obj
 0001:00001070       ??0VisRenDlg@@QAE@XZ       10002070 f i VisRen.obj
 0001:000010c0       ??1VisRenDlg@@QAE@XZ       100020c0 f i VisRen.obj
 0001:00001110       _OpenW@4                   10002110 f   VisRen.obj
 0001:00001240       ?AllocNode@?$DList@UFile@@@@EAEPAUNode@CDList@@PAX@Z 10002240 f i VisRen.obj
 0001:00001270       ?DeleteNode@?$DList@UFile@@@@EAEXPAUNode@CDList@@@Z 10002270 f i VisRen.obj
 0001:000012a0       ??0CDList@@IAE@XZ          100022a0 f   DList.obj
 0001:000012c0       ?Clear@CDList@@QAEXXZ      100022c0 f   DList.obj
 0001:000012f0       ?CInsertBefore@CDList@@IAEPAXPAX0@Z 100022f0 f   DList.obj
 0001:00001330       ?CInsertAfter@CDList@@IAEPAXPAX0@Z 10002330 f   DList.obj
 0001:00001380       ?CDelete@CDList@@IAEPAXPAX@Z 10002380 f   DList.obj
 0001:000013c0       ?enlarge@string@@AAE_NI@Z  100023c0 f   string.obj
 0001:00001430       ??0string@@QAE@XZ          10002430 f   string.obj
 0001:00001450       ??1string@@QAE@XZ          10002450 f   string.obj
 0001:00001470       ??Bstring@@QBEPB_WXZ       10002470 f   string.obj
 0001:00001480       ??Astring@@QAEAA_WI@Z      10002480 f   string.obj
 0001:000014a0       ?length@string@@QBEIXZ     100024a0 f   string.obj
 0001:000014b0       ?updsize@string@@QAEXXZ    100024b0 f   string.obj
 0001:000014e0       ?get@string@@QAEPA_WI@Z    100024e0 f   string.obj
 0001:00001510       ?clear@string@@QAEXXZ      10002510 f   string.obj
 0001:00001530       ??Ystring@@QAEAAV0@_W@Z    10002530 f   string.obj
 0001:00001580       ??Ystring@@QAEAAV0@PB_W@Z  10002580 f   string.obj
 0001:00001610       ??0string@@QAE@PB_W@Z      10002610 f   string.obj
 0001:00001680       ??4string@@QAEAAV0@ABV0@@Z 10002680 f   string.obj
 0001:000016e0       ??4string@@QAEAAV0@PB_W@Z  100026e0 f   string.obj
 0001:00001740       ??Rstring@@QAEAAV0@PB_WI@Z 10002740 f   string.obj
 0001:00001780       ?GetDlgSize@VisRenDlg@@AAEXXZ 10002780 f   VisRenDlg.obj
 0001:00001810       ?SetMask@VisRenDlg@@AAE_NPAXKK@Z 10002810 f   VisRenDlg.obj
 0001:00001ec0       ?ListMouseRightClick@VisRenDlg@@AAEHPAXKK@Z 10002ec0 f   VisRenDlg.obj
 0001:00001f80       ?First@?$DList@UFile@@@@QAEPAUFile@@XZ 10002f80 f i VisRenDlg.obj
 0001:00001f90       ?Next@?$DList@UFile@@@@QAEPAUFile@@PBU2@@Z 10002f90 f i VisRenDlg.obj
 0001:00001fd0       ?UpdateFarList@VisRenDlg@@AAE_NPAX_N1@Z 10002fd0 f   VisRenDlg.obj
 0001:000023f0       ?DlgResize@VisRenDlg@@AAEXPAX_N@Z 100033f0 f   VisRenDlg.obj
 0001:000027a0       ?MouseDragDrop@VisRenDlg@@AAEXPAXK@Z 100037a0 f   VisRenDlg.obj
 0001:00002a20       ?ShowName@VisRenDlg@@AAEXH@Z 10003a20 f   VisRenDlg.obj
 0001:00003240       ?ShowDialogProc@VisRenDlg@@AAGHPAXHH0@Z 10004240 f   VisRenDlg.obj
 0001:00004b80       ?ShowDialogProcThunk@VisRenDlg@@CGHPAXHH0@Z 10005b80 f   VisRenDlg.obj
 0001:00004bb0       ?ShowDialog@VisRenDlg@@QAEHXZ 10005bb0 f   VisRenDlg.obj
 0001:000059e0       ?wmemchr@@YAPA_WPA_W_WI@Z  100069e0 f i VisRenFile.obj
 0001:00005a00       ?Strncmp@@YAHPB_W0H@Z      10006a00 f i VisRenFile.obj
 0001:00005a30       ?InitializeInternalTag1@@YIPAUID3TagInternal@@PAUID3v11TagReal@@@Z 10006a30 f   VisRenFile.obj
 0001:00005b90       ?doReadID3v2TagHeader@@YI_NPAXPAUID3v2TagHeader@@AA_N@Z 10006b90 f   VisRenFile.obj
 0001:00005c20       ?doReadID3v2Tag@@YI_NPAXPAUID3v2TagReal@@AA_N@Z 10006c20 f   VisRenFile.obj
 0001:00005dc0       ?EncodeData@@YIXPADKPAPA_WH@Z 10006dc0 f   VisRenFile.obj
 0001:00005e80       ?InitializeInternalTag2@@YIPAUID3TagInternal@@PAUID3v2TagReal@@@Z 10006e80 f   VisRenFile.obj
 0001:00005f90       ?AnalyseMP3File@@YIPAUID3TagInternal@@PB_W@Z 10006f90 f   VisRenFile.obj
 0001:00006080       ?Get16u@@YIHPAX@Z          10007080 f   VisRenFile.obj
 0001:000060b0       ?Get32u@@YIIPAX@Z          100070b0 f   VisRenFile.obj
 0001:00006100       ?FileGetC@@YIHPAX@Z        10007100 f   VisRenFile.obj
 0001:00006130       ?ProcessExifDir@@YIXPAE0IH@Z 10007130 f   VisRenFile.obj
 0001:00006450       ?process_EXIF@@YIXPAEI@Z   10007450 f   VisRenFile.obj
 0001:000064f0       ?ReadJpegSections@@YI_NPAX@Z 100074f0 f   VisRenFile.obj
 0001:00006760       ?AnalyseImageFile@@YI_NPB_WH@Z 10007760 f   VisRenFile.obj
 0001:00006a10       ?InitUndoItem@RenFile@@AAE_NPB_W0H@Z 10007a10 f   VisRenFile.obj
 0001:00006c80       ?CheckFileName@RenFile@@AAE_NPB_W@Z 10007c80 f   VisRenFile.obj
 0001:00006cd0       ?IsEmpty@RenFile@@AAE_NPB_W@Z 10007cd0 f   VisRenFile.obj
 0001:00006d40       ?GetNewNameExt@RenFile@@AAE_NPB_WAAVstring@@IPAKU_SYSTEMTIME@@_N@Z 10007d40 f   VisRenFile.obj
 0001:00007c10       ?Replase@RenFile@@AAE_NAAVstring@@@Z 10008c10 f   VisRenFile.obj
 0001:00008130       ?Translit@RenFile@@AAEXAAVstring@@0K@Z 10009130 f   VisRenFile.obj
 0001:00008be0       ?Case@RenFile@@AAEXPA_W0K@Z 10009be0 f   VisRenFile.obj
 0001:00008f70       ?CheckForEsc@RenFile@@AAE_NPAX@Z 10009f70 f   VisRenFile.obj
 0001:00009040       ?InitFileList@RenFile@@QAE_NH@Z 1000a040 f   VisRenFile.obj
 0001:00009220       ?ProcessFileName@RenFile@@QAE_NXZ 1000a220 f   VisRenFile.obj
 0001:00009640       ?RenameFile@RenFile@@QAE_NHH@Z 1000a640 f   VisRenFile.obj
 0001:0000a080       ?CreateList@RenFile@@AAEHPB_W@Z 1000b080 f   VisRenFile.obj
 0001:0000a290       ?ReadList@RenFile@@AAEHPB_W@Z 1000b290 f   VisRenFile.obj
 0001:0000a500       ?RenameInEditor@RenFile@@QAEXHH@Z 1000b500 f   VisRenFile.obj
 0001:0000a664       _VerQueryValueW@16         1000b664 f   Version:VERSION.dll
 0001:0000a66a       _GetFileVersionInfoW@16    1000b66a f   Version:VERSION.dll
 0001:0000a670       _GetFileVersionInfoSizeW@8 1000b670 f   Version:VERSION.dll
 0001:0000a676       __purecall                 1000b676 f   MSVCRT:MSVCR100.dll
 0001:0000a67c       _memcpy                    1000b67c f   MSVCRT:MSVCR100.dll
 0001:0000a682       _memset                    1000b682 f   MSVCRT:MSVCR100.dll
 0001:0000a688       _wcsrchr                   1000b688 f   MSVCRT:MSVCR100.dll
 0001:0000a68e       __time64                   1000b68e f   MSVCRT:MSVCR100.dll
 0001:0000a694       _strncmp                   1000b694 f   MSVCRT:MSVCR100.dll
 0001:0000a69a       _rand                      1000b69a f   MSVCRT:MSVCR100.dll
 0001:0000a6a0       __alloca_probe             1000b6a0     MSVCRT:chkstk.obj
 0001:0000a6a0       __chkstk                   1000b6a0 f   MSVCRT:chkstk.obj
 0001:0000a6cc       _srand                     1000b6cc f   MSVCRT:MSVCR100.dll
 0001:0000a6d2       _isspace                   1000b6d2 f   MSVCRT:MSVCR100.dll
 0001:0000a6d8       __IMPORT_DESCRIPTOR_KERNEL32 1000b6d8     kernel32:KERNEL32.dll
 0001:0000a6ec       __IMPORT_DESCRIPTOR_VERSION 1000b6ec     Version:VERSION.dll
 0001:0000a700       __IMPORT_DESCRIPTOR_MSVCR100 1000b700     MSVCRT:MSVCR100.dll
 0001:0000a714       __NULL_IMPORT_DESCRIPTOR   1000b714     kernel32:KERNEL32.dll
 0002:00000000       ?Opt@@3UOptions@@A         1000c000     VisRen.obj
 0002:00000040       ?DlgSize@@3U0@A            1000c040     VisRen.obj
 0002:00000068       ?Genres@@3PAPBDA           1000c068     VisRenFile.obj
 0002:000002e0       ?Info@@3UPluginStartupInfo@@A 1000c2e0     VisRen.obj
 0002:00000364       ?Undo@@3UUndoFileName@@A   1000c364     VisRen.obj
 0002:00000378       ?FSF@@3UFarStandardFunctions@@A 1000c378     VisRen.obj
 0002:00000440       ?ImageInfo@@3UImageInfo_t@@A 1000c440     VisRenFile.obj
 0002:00000500       ?MotorolaOrder@@3HA        1000c500     VisRenFile.obj

 entry point at        0000:00000000

 Static symbols

